******************************************************************************
                  MSP430 Linker Unix v21.6.0                   
******************************************************************************
>> Linked Fri Feb 18 08:46:58 2022

OUTPUT FILE NAME:   <Step2.App.out>
ENTRY POINT SYMBOL: "_c_int00_noargs"  address: 0000e00c


MEMORY CONFIGURATION

         name            origin    length      used     unused   attr    fill
----------------------  --------  ---------  --------  --------  ----  --------
  SFR                   00000000   00000010  00000000  00000010  RWIX
  PERIPHERALS_8BIT      00000010   000000f0  00000000  000000f0  RWIX
  PERIPHERALS_16BIT     00000100   00000100  00000000  00000100  RWIX
  RAM                   00000200   00000200  00000053  000001ad  RWIX
  INFOD                 00001000   00000040  00000000  00000040  RWIX
  INFOC                 00001040   00000040  00000000  00000040  RWIX
  INFOB                 00001080   00000040  00000000  00000040  RWIX
  INFOA                 000010c0   00000040  00000000  00000040  RWIX
  BSL_FLASH             0000c000   00001000  00000000  00001000  RWIX
  APP_FLASH             0000d000   00002fde  00001162  00001e7c  RWIX
  BSLSIGNATURE          0000ffde   00000002  00000002  00000000  RWIX  ffff 
  INT00                 0000ffe0   00000002  00000002  00000000  RWIX
  INT01                 0000ffe2   00000002  00000000  00000002  RWIX
  INT02                 0000ffe4   00000002  00000002  00000000  RWIX
  INT03                 0000ffe6   00000002  00000002  00000000  RWIX
  INT04                 0000ffe8   00000002  00000000  00000002  RWIX
  INT05                 0000ffea   00000002  00000002  00000000  RWIX
  INT06                 0000ffec   00000002  00000002  00000000  RWIX
  INT07                 0000ffee   00000002  00000002  00000000  RWIX
  INT08                 0000fff0   00000002  00000002  00000000  RWIX
  INT09                 0000fff2   00000002  00000002  00000000  RWIX
  INT10                 0000fff4   00000002  00000002  00000000  RWIX
  INT11                 0000fff6   00000002  00000002  00000000  RWIX
  INT12                 0000fff8   00000002  00000002  00000000  RWIX
  INT13                 0000fffa   00000002  00000002  00000000  RWIX
  INT14                 0000fffc   00000002  00000002  00000000  RWIX
  RESET                 0000fffe   00000002  00000002  00000000  RWIX


SECTION ALLOCATION MAP

 output                                  attributes/
section   page    origin      length       input sections
--------  ----  ----------  ----------   ----------------
.bss       0    00000200    00000003     UNINITIALIZED
                  00000200    00000002     uart.obj (.bss)
                  00000202    00000001     main.obj (.bss)

.stack     0    000003b0    00000050     UNINITIALIZED
                  000003b0    00000002     rts430_eabi.lib : boot.c.obj (.stack)
                  000003b2    0000004e     --HOLE--

.text      0    0000d000    000010c0     
                  0000d000    00000736     rts430_eabi.lib : addd.c.obj (.text:__mspabi_addd)
                  0000d736    000001d0                     : s_floor.c.obj (.text:floor)
                  0000d906    0000010e                     : s_round.c.obj (.text:round)
                  0000da14    000000dc                     : cmpd.c.obj (.text:__mspabi_cmpd)
                  0000daf0    000000bc     main.obj (.text:main)
                  0000dbac    0000008a     rts430_eabi.lib : fltuld.c.obj (.text:__mspabi_fltuld)
                  0000dc36    00000074                     : fixdul.c.obj (.text:__mspabi_fixdul)
                  0000dcaa    0000005c                     : lsr32.asm.obj (.text:l_lsr_const)
                  0000dd06    00000058                     : div32u.asm.obj (.text)
                  0000dd5e    00000058     uart.obj (.text:uart0_init)
                  0000ddb6    0000004c     rts430_eabi.lib : lsr16.asm.obj (.text)
                  0000de02    0000004a                     : asr64.c.obj (.text:__mspabi_srall)
                  0000de4c    00000044                     : lsl64.c.obj (.text:__mspabi_sllll)
                  0000de90    00000042                     : autoinit.c.obj (.text:__TI_auto_init_nobinit_nopinit:__TI_auto_init_nobinit_nopinit)
                  0000ded2    0000003e                     : lsl32.asm.obj (.text:l_lsl_const)
                  0000df10    0000002e                     : subd.c.obj (.text:__mspabi_subd)
                  0000df3e    0000002c                     : asr16.asm.obj (.text)
                  0000df6a    0000002c                     : lsl16.asm.obj (.text)
                  0000df96    0000002a                     : negd.c.obj (.text:__mspabi_negd)
                  0000dfc0    00000028     uart.obj (.text:USCI0RX_ISR)
                  0000dfe8    00000024     uart.obj (.text:uart0_tx_string)
                  0000e00c    0000001c     rts430_eabi.lib : boot.c.obj (.text:_c_int00_noargs)
                  0000e028    00000014                     : copy_zero_init.c.obj (.text:decompress:ZI:__TI_zero_init_nomemset:__TI_zero_init_nomemset)
                  0000e03c    00000012                     : fixdu.c.obj (.text:__mspabi_fixdu)
                  0000e04e    00000012                     : lsr32.asm.obj (.text:l_lsr)
                  0000e060    00000010                     : asr32.asm.obj (.text:l_asr)
                  0000e070    00000010                     : epilog.asm.obj (.text)
                  0000e080    0000000e                     : strlen.c.obj (.text:strlen)
                  0000e08e    0000000c     main.obj (.text:Timer_A)
                  0000e09a    0000000c     uart.obj (.text:uart0_tx_byte)
                  0000e0a6    00000008     rts430_eabi.lib : isr_trap.asm.obj (.text:_isr:__TI_ISR_TRAP)
                  0000e0ae    00000006                     : exit.c.obj (.text:abort)
                  0000e0b4    00000006     main.obj (.text:uart0_rx_byte)
                  0000e0ba    00000004     rts430_eabi.lib : pre_init.c.obj (.text:_system_pre_init)
                  0000e0be    00000002                     : startup.c.obj (.text:_system_post_cinit)

.const     0    0000e0c0    00000098     
                  0000e0c0    00000098     main.obj (.const:.string)

.cinit     0    0000e158    0000000a     
                  0000e158    00000004     (.cinit..bss.load) [load image, compression = zero_init]
                  0000e15c    00000002     (__TI_handler_table)
                  0000e15e    00000004     (__TI_cinit_table)

.binit     0    0000d000    00000000     

.init_array 
*          0    0000d000    00000000     UNINITIALIZED

TRAPINT    0    0000ffe0    00000002     
                  0000ffe0    00000002     rts430_eabi.lib : int00.asm.obj (.int00)

PORT1      0    0000ffe4    00000002     
                  0000ffe4    00000002     rts430_eabi.lib : int02.asm.obj (.int02)

PORT2      0    0000ffe6    00000002     
                  0000ffe6    00000002     rts430_eabi.lib : int03.asm.obj (.int03)

ADC10      0    0000ffea    00000002     
                  0000ffea    00000002     rts430_eabi.lib : int05.asm.obj (.int05)

USCIAB0TX 
*          0    0000ffec    00000002     
                  0000ffec    00000002     rts430_eabi.lib : int06.asm.obj (.int06)

USCIAB0RX 
*          0    0000ffee    00000002     
                  0000ffee    00000002     uart.obj (.int07)

TIMER0_A1 
*          0    0000fff0    00000002     
                  0000fff0    00000002     rts430_eabi.lib : int08.asm.obj (.int08)

TIMER0_A0 
*          0    0000fff2    00000002     
                  0000fff2    00000002     main.obj (.int09)

WDT        0    0000fff4    00000002     
                  0000fff4    00000002     rts430_eabi.lib : int10.asm.obj (.int10)

COMPARATORA 
*          0    0000fff6    00000002     
                  0000fff6    00000002     rts430_eabi.lib : int11.asm.obj (.int11)

TIMER1_A1 
*          0    0000fff8    00000002     
                  0000fff8    00000002     rts430_eabi.lib : int12.asm.obj (.int12)

TIMER1_A0 
*          0    0000fffa    00000002     
                  0000fffa    00000002     rts430_eabi.lib : int13.asm.obj (.int13)

NMI        0    0000fffc    00000002     
                  0000fffc    00000002     rts430_eabi.lib : int14.asm.obj (.int14)

.reset     0    0000fffe    00000002     
                  0000fffe    00000002     rts430_eabi.lib : boot.c.obj (.reset)

$fill000   0    0000ffde    00000002     
                  0000ffde    00000002     --HOLE-- [fill = ffff]

MODULE SUMMARY

       Module                 code   ro data   rw data
       ------                 ----   -------   -------
    ./
       main.obj               206    154       1      
       uart.obj               176    2         2      
    +--+----------------------+------+---------+---------+
       Total:                 382    156       3      
                                                      
    /home/avives/ti/ccs1110/ccs/tools/compiler/ti-cgt-msp430_21.6.0.LTS/lib/rts430_eabi.lib
       addd.c.obj             1846   0         0      
       s_floor.c.obj          464    0         0      
       s_round.c.obj          270    0         0      
       cmpd.c.obj             220    0         0      
       fltuld.c.obj           138    0         0      
       fixdul.c.obj           116    0         0      
       lsr32.asm.obj          110    0         0      
       div32u.asm.obj         88     0         0      
       lsr16.asm.obj          76     0         0      
       asr64.c.obj            74     0         0      
       lsl64.c.obj            68     0         0      
       autoinit.c.obj         66     0         0      
       lsl32.asm.obj          62     0         0      
       subd.c.obj             46     0         0      
       asr16.asm.obj          44     0         0      
       lsl16.asm.obj          44     0         0      
       negd.c.obj             42     0         0      
       boot.c.obj             28     2         0      
       copy_zero_init.c.obj   20     0         0      
       fixdu.c.obj            18     0         0      
       asr32.asm.obj          16     0         0      
       epilog.asm.obj         16     0         0      
       strlen.c.obj           14     0         0      
       isr_trap.asm.obj       8      0         0      
       exit.c.obj             6      0         0      
       pre_init.c.obj         4      0         0      
       int00.asm.obj          0      2         0      
       int02.asm.obj          0      2         0      
       int03.asm.obj          0      2         0      
       int05.asm.obj          0      2         0      
       int06.asm.obj          0      2         0      
       int08.asm.obj          0      2         0      
       int10.asm.obj          0      2         0      
       int11.asm.obj          0      2         0      
       int12.asm.obj          0      2         0      
       int13.asm.obj          0      2         0      
       int14.asm.obj          0      2         0      
       startup.c.obj          2      0         0      
    +--+----------------------+------+---------+---------+
       Total:                 3906   24        0      
                                                      
       Stack:                 0      0         80     
       Linker Generated:      0      10        0      
    +--+----------------------+------+---------+---------+
       Grand Total:           4288   190       83     


LINKER GENERATED COPY TABLES

__TI_cinit_table @ 0000e15e records: 1, size/record: 4, table size: 4
	.bss: load addr=0000e158, load size=00000004 bytes, run addr=00000200, run size=00000003 bytes, compression=zero_init


LINKER GENERATED HANDLER TABLE

__TI_handler_table @ 0000e15c records: 1, size/record: 2, table size: 2
	index: 0, handler: __TI_zero_init


GLOBAL SYMBOLS: SORTED ALPHABETICALLY BY Name 

address   name                          
-------   ----                          
0000004a  ADC10AE0                      
000001b0  ADC10CTL0                     
000001b2  ADC10CTL1                     
00000048  ADC10DTC0                     
00000049  ADC10DTC1                     
000001b4  ADC10MEM                      
000001bc  ADC10SA                       
00000057  BCSCTL1                       
00000058  BCSCTL2                       
00000053  BCSCTL3                       
0000e0ae  C$$EXIT                       
00000059  CACTL1                        
0000005a  CACTL2                        
000010fb  CALBC1_12MHZ                  
000010f9  CALBC1_16MHZ                  
000010ff  CALBC1_1MHZ                   
000010fd  CALBC1_8MHZ                   
000010fa  CALDCO_12MHZ                  
000010f8  CALDCO_16MHZ                  
000010fe  CALDCO_1MHZ                   
000010fc  CALDCO_8MHZ                   
0000005b  CAPD                          
00000056  DCOCTL                        
00000128  FCTL1                         
0000012a  FCTL2                         
0000012c  FCTL3                         
00000000  IE1                           
00000001  IE2                           
00000002  IFG1                          
00000003  IFG2                          
00000022  P1DIR                         
00000025  P1IE                          
00000024  P1IES                         
00000023  P1IFG                         
00000020  P1IN                          
00000021  P1OUT                         
00000027  P1REN                         
00000026  P1SEL                         
00000041  P1SEL2                        
0000002a  P2DIR                         
0000002d  P2IE                          
0000002c  P2IES                         
0000002b  P2IFG                         
00000028  P2IN                          
00000029  P2OUT                         
0000002f  P2REN                         
0000002e  P2SEL                         
00000042  P2SEL2                        
0000001a  P3DIR                         
00000018  P3IN                          
00000019  P3OUT                         
00000010  P3REN                         
0000001b  P3SEL                         
00000043  P3SEL2                        
00000172  TA0CCR0                       
00000174  TA0CCR1                       
00000176  TA0CCR2                       
00000162  TA0CCTL0                      
00000164  TA0CCTL1                      
00000166  TA0CCTL2                      
00000160  TA0CTL                        
0000012e  TA0IV                         
00000170  TA0R                          
00000192  TA1CCR0                       
00000194  TA1CCR1                       
00000196  TA1CCR2                       
00000182  TA1CCTL0                      
00000184  TA1CCTL1                      
00000186  TA1CCTL2                      
00000180  TA1CTL                        
0000011e  TA1IV                         
00000190  TA1R                          
000010db  TLV_ADC10_1_LEN               
000010da  TLV_ADC10_1_TAG               
000010c0  TLV_CHECKSUM                  
000010f7  TLV_DCO_30_LEN                
000010f6  TLV_DCO_30_TAG                
0000e08e  Timer_A                       
0000005d  UCA0ABCTL                     
00000062  UCA0BR0                       
00000063  UCA0BR1                       
00000060  UCA0CTL0                      
00000061  UCA0CTL1                      
0000005f  UCA0IRRCTL                    
0000005e  UCA0IRTCTL                    
00000064  UCA0MCTL                      
00000066  UCA0RXBUF                     
00000065  UCA0STAT                      
00000067  UCA0TXBUF                     
0000006a  UCB0BR0                       
0000006b  UCB0BR1                       
00000068  UCB0CTL0                      
00000069  UCB0CTL1                      
0000006c  UCB0I2CIE                     
00000118  UCB0I2COA                     
0000011a  UCB0I2CSA                     
0000006e  UCB0RXBUF                     
0000006d  UCB0STAT                      
0000006f  UCB0TXBUF                     
0000dfc0  USCI0RX_ISR                   
00000120  WDTCTL                        
00000400  __STACK_END                   
00000050  __STACK_SIZE                  
0000e15e  __TI_CINIT_Base               
0000e162  __TI_CINIT_Limit              
0000e162  __TI_CINIT_Warm               
0000e15c  __TI_Handler_Table_Base       
0000e15e  __TI_Handler_Table_Limit      
0000e0a6  __TI_ISR_TRAP                 
0000de90  __TI_auto_init_nobinit_nopinit
0000ffe0  __TI_int00                    
0000ffe4  __TI_int02                    
0000ffe6  __TI_int03                    
0000ffea  __TI_int05                    
0000ffec  __TI_int06                    
0000ffee  __TI_int07                    
0000fff0  __TI_int08                    
0000fff2  __TI_int09                    
0000fff4  __TI_int10                    
0000fff6  __TI_int11                    
0000fff8  __TI_int12                    
0000fffa  __TI_int13                    
0000fffc  __TI_int14                    
ffffffff  __TI_pprof_out_hndl           
ffffffff  __TI_prof_data_size           
ffffffff  __TI_prof_data_start          
0000e028  __TI_zero_init_nomemset       
ffffffff  __c_args__                    
0000d000  __mspabi_addd                 
0000da14  __mspabi_cmpd                 
0000dd06  __mspabi_divul                
0000e03c  __mspabi_fixdu                
0000dc36  __mspabi_fixdul               
0000dbac  __mspabi_fltuld               
0000e07c  __mspabi_func_epilog_1        
0000e07a  __mspabi_func_epilog_2        
0000e078  __mspabi_func_epilog_3        
0000e076  __mspabi_func_epilog_4        
0000e074  __mspabi_func_epilog_5        
0000e072  __mspabi_func_epilog_6        
0000e070  __mspabi_func_epilog_7        
0000df96  __mspabi_negd                 
0000dd06  __mspabi_remul                
0000df6a  __mspabi_slli                 
0000df92  __mspabi_slli_1               
0000df80  __mspabi_slli_10              
0000df7e  __mspabi_slli_11              
0000df7c  __mspabi_slli_12              
0000df7a  __mspabi_slli_13              
0000df78  __mspabi_slli_14              
0000df76  __mspabi_slli_15              
0000df90  __mspabi_slli_2               
0000df8e  __mspabi_slli_3               
0000df8c  __mspabi_slli_4               
0000df8a  __mspabi_slli_5               
0000df88  __mspabi_slli_6               
0000df86  __mspabi_slli_7               
0000df84  __mspabi_slli_8               
0000df82  __mspabi_slli_9               
0000df0a  __mspabi_slll_1               
0000dee6  __mspabi_slll_10              
0000dee2  __mspabi_slll_11              
0000dede  __mspabi_slll_12              
0000deda  __mspabi_slll_13              
0000ded6  __mspabi_slll_14              
0000ded2  __mspabi_slll_15              
0000df06  __mspabi_slll_2               
0000df02  __mspabi_slll_3               
0000defe  __mspabi_slll_4               
0000defa  __mspabi_slll_5               
0000def6  __mspabi_slll_6               
0000def2  __mspabi_slll_7               
0000deee  __mspabi_slll_8               
0000deea  __mspabi_slll_9               
0000de4c  __mspabi_sllll                
0000df3e  __mspabi_srai                 
0000df66  __mspabi_srai_1               
0000df54  __mspabi_srai_10              
0000df52  __mspabi_srai_11              
0000df50  __mspabi_srai_12              
0000df4e  __mspabi_srai_13              
0000df4c  __mspabi_srai_14              
0000df4a  __mspabi_srai_15              
0000df64  __mspabi_srai_2               
0000df62  __mspabi_srai_3               
0000df60  __mspabi_srai_4               
0000df5e  __mspabi_srai_5               
0000df5c  __mspabi_srai_6               
0000df5a  __mspabi_srai_7               
0000df58  __mspabi_srai_8               
0000df56  __mspabi_srai_9               
0000e060  __mspabi_sral                 
0000de02  __mspabi_srall                
0000ddb6  __mspabi_srli                 
0000ddfc  __mspabi_srli_1               
0000ddd8  __mspabi_srli_10              
0000ddd4  __mspabi_srli_11              
0000ddd0  __mspabi_srli_12              
0000ddcc  __mspabi_srli_13              
0000ddc8  __mspabi_srli_14              
0000ddc4  __mspabi_srli_15              
0000ddf8  __mspabi_srli_2               
0000ddf4  __mspabi_srli_3               
0000ddf0  __mspabi_srli_4               
0000ddec  __mspabi_srli_5               
0000dde8  __mspabi_srli_6               
0000dde4  __mspabi_srli_7               
0000dde0  __mspabi_srli_8               
0000dddc  __mspabi_srli_9               
0000e04e  __mspabi_srll                 
0000dcfe  __mspabi_srll_1               
0000dcc8  __mspabi_srll_10              
0000dcc2  __mspabi_srll_11              
0000dcbc  __mspabi_srll_12              
0000dcb6  __mspabi_srll_13              
0000dcb0  __mspabi_srll_14              
0000dcaa  __mspabi_srll_15              
0000dcf8  __mspabi_srll_2               
0000dcf2  __mspabi_srll_3               
0000dcec  __mspabi_srll_4               
0000dce6  __mspabi_srll_5               
0000dce0  __mspabi_srll_6               
0000dcda  __mspabi_srll_7               
0000dcd4  __mspabi_srll_8               
0000dcce  __mspabi_srll_9               
0000df10  __mspabi_subd                 
0000e00c  _c_int00_noargs               
0000fffe  _reset_vector                 
000003b0  _stack                        
0000e0be  _system_post_cinit            
0000e0ba  _system_pre_init              
0000e0ae  abort                         
0000d736  floor                         
0000d736  floorl                        
0000daf0  main                          
0000d906  round                         
0000d906  roundl                        
0000e080  strlen                        
0000dd5e  uart0_init                    
0000e0b4  uart0_rx_byte                 
0000e09a  uart0_tx_byte                 
0000dfe8  uart0_tx_string               


GLOBAL SYMBOLS: SORTED BY Symbol Address 

address   name                          
-------   ----                          
00000000  IE1                           
00000001  IE2                           
00000002  IFG1                          
00000003  IFG2                          
00000010  P3REN                         
00000018  P3IN                          
00000019  P3OUT                         
0000001a  P3DIR                         
0000001b  P3SEL                         
00000020  P1IN                          
00000021  P1OUT                         
00000022  P1DIR                         
00000023  P1IFG                         
00000024  P1IES                         
00000025  P1IE                          
00000026  P1SEL                         
00000027  P1REN                         
00000028  P2IN                          
00000029  P2OUT                         
0000002a  P2DIR                         
0000002b  P2IFG                         
0000002c  P2IES                         
0000002d  P2IE                          
0000002e  P2SEL                         
0000002f  P2REN                         
00000041  P1SEL2                        
00000042  P2SEL2                        
00000043  P3SEL2                        
00000048  ADC10DTC0                     
00000049  ADC10DTC1                     
0000004a  ADC10AE0                      
00000050  __STACK_SIZE                  
00000053  BCSCTL3                       
00000056  DCOCTL                        
00000057  BCSCTL1                       
00000058  BCSCTL2                       
00000059  CACTL1                        
0000005a  CACTL2                        
0000005b  CAPD                          
0000005d  UCA0ABCTL                     
0000005e  UCA0IRTCTL                    
0000005f  UCA0IRRCTL                    
00000060  UCA0CTL0                      
00000061  UCA0CTL1                      
00000062  UCA0BR0                       
00000063  UCA0BR1                       
00000064  UCA0MCTL                      
00000065  UCA0STAT                      
00000066  UCA0RXBUF                     
00000067  UCA0TXBUF                     
00000068  UCB0CTL0                      
00000069  UCB0CTL1                      
0000006a  UCB0BR0                       
0000006b  UCB0BR1                       
0000006c  UCB0I2CIE                     
0000006d  UCB0STAT                      
0000006e  UCB0RXBUF                     
0000006f  UCB0TXBUF                     
00000118  UCB0I2COA                     
0000011a  UCB0I2CSA                     
0000011e  TA1IV                         
00000120  WDTCTL                        
00000128  FCTL1                         
0000012a  FCTL2                         
0000012c  FCTL3                         
0000012e  TA0IV                         
00000160  TA0CTL                        
00000162  TA0CCTL0                      
00000164  TA0CCTL1                      
00000166  TA0CCTL2                      
00000170  TA0R                          
00000172  TA0CCR0                       
00000174  TA0CCR1                       
00000176  TA0CCR2                       
00000180  TA1CTL                        
00000182  TA1CCTL0                      
00000184  TA1CCTL1                      
00000186  TA1CCTL2                      
00000190  TA1R                          
00000192  TA1CCR0                       
00000194  TA1CCR1                       
00000196  TA1CCR2                       
000001b0  ADC10CTL0                     
000001b2  ADC10CTL1                     
000001b4  ADC10MEM                      
000001bc  ADC10SA                       
000003b0  _stack                        
00000400  __STACK_END                   
000010c0  TLV_CHECKSUM                  
000010da  TLV_ADC10_1_TAG               
000010db  TLV_ADC10_1_LEN               
000010f6  TLV_DCO_30_TAG                
000010f7  TLV_DCO_30_LEN                
000010f8  CALDCO_16MHZ                  
000010f9  CALBC1_16MHZ                  
000010fa  CALDCO_12MHZ                  
000010fb  CALBC1_12MHZ                  
000010fc  CALDCO_8MHZ                   
000010fd  CALBC1_8MHZ                   
000010fe  CALDCO_1MHZ                   
000010ff  CALBC1_1MHZ                   
0000d000  __mspabi_addd                 
0000d736  floor                         
0000d736  floorl                        
0000d906  round                         
0000d906  roundl                        
0000da14  __mspabi_cmpd                 
0000daf0  main                          
0000dbac  __mspabi_fltuld               
0000dc36  __mspabi_fixdul               
0000dcaa  __mspabi_srll_15              
0000dcb0  __mspabi_srll_14              
0000dcb6  __mspabi_srll_13              
0000dcbc  __mspabi_srll_12              
0000dcc2  __mspabi_srll_11              
0000dcc8  __mspabi_srll_10              
0000dcce  __mspabi_srll_9               
0000dcd4  __mspabi_srll_8               
0000dcda  __mspabi_srll_7               
0000dce0  __mspabi_srll_6               
0000dce6  __mspabi_srll_5               
0000dcec  __mspabi_srll_4               
0000dcf2  __mspabi_srll_3               
0000dcf8  __mspabi_srll_2               
0000dcfe  __mspabi_srll_1               
0000dd06  __mspabi_divul                
0000dd06  __mspabi_remul                
0000dd5e  uart0_init                    
0000ddb6  __mspabi_srli                 
0000ddc4  __mspabi_srli_15              
0000ddc8  __mspabi_srli_14              
0000ddcc  __mspabi_srli_13              
0000ddd0  __mspabi_srli_12              
0000ddd4  __mspabi_srli_11              
0000ddd8  __mspabi_srli_10              
0000dddc  __mspabi_srli_9               
0000dde0  __mspabi_srli_8               
0000dde4  __mspabi_srli_7               
0000dde8  __mspabi_srli_6               
0000ddec  __mspabi_srli_5               
0000ddf0  __mspabi_srli_4               
0000ddf4  __mspabi_srli_3               
0000ddf8  __mspabi_srli_2               
0000ddfc  __mspabi_srli_1               
0000de02  __mspabi_srall                
0000de4c  __mspabi_sllll                
0000de90  __TI_auto_init_nobinit_nopinit
0000ded2  __mspabi_slll_15              
0000ded6  __mspabi_slll_14              
0000deda  __mspabi_slll_13              
0000dede  __mspabi_slll_12              
0000dee2  __mspabi_slll_11              
0000dee6  __mspabi_slll_10              
0000deea  __mspabi_slll_9               
0000deee  __mspabi_slll_8               
0000def2  __mspabi_slll_7               
0000def6  __mspabi_slll_6               
0000defa  __mspabi_slll_5               
0000defe  __mspabi_slll_4               
0000df02  __mspabi_slll_3               
0000df06  __mspabi_slll_2               
0000df0a  __mspabi_slll_1               
0000df10  __mspabi_subd                 
0000df3e  __mspabi_srai                 
0000df4a  __mspabi_srai_15              
0000df4c  __mspabi_srai_14              
0000df4e  __mspabi_srai_13              
0000df50  __mspabi_srai_12              
0000df52  __mspabi_srai_11              
0000df54  __mspabi_srai_10              
0000df56  __mspabi_srai_9               
0000df58  __mspabi_srai_8               
0000df5a  __mspabi_srai_7               
0000df5c  __mspabi_srai_6               
0000df5e  __mspabi_srai_5               
0000df60  __mspabi_srai_4               
0000df62  __mspabi_srai_3               
0000df64  __mspabi_srai_2               
0000df66  __mspabi_srai_1               
0000df6a  __mspabi_slli                 
0000df76  __mspabi_slli_15              
0000df78  __mspabi_slli_14              
0000df7a  __mspabi_slli_13              
0000df7c  __mspabi_slli_12              
0000df7e  __mspabi_slli_11              
0000df80  __mspabi_slli_10              
0000df82  __mspabi_slli_9               
0000df84  __mspabi_slli_8               
0000df86  __mspabi_slli_7               
0000df88  __mspabi_slli_6               
0000df8a  __mspabi_slli_5               
0000df8c  __mspabi_slli_4               
0000df8e  __mspabi_slli_3               
0000df90  __mspabi_slli_2               
0000df92  __mspabi_slli_1               
0000df96  __mspabi_negd                 
0000dfc0  USCI0RX_ISR                   
0000dfe8  uart0_tx_string               
0000e00c  _c_int00_noargs               
0000e028  __TI_zero_init_nomemset       
0000e03c  __mspabi_fixdu                
0000e04e  __mspabi_srll                 
0000e060  __mspabi_sral                 
0000e070  __mspabi_func_epilog_7        
0000e072  __mspabi_func_epilog_6        
0000e074  __mspabi_func_epilog_5        
0000e076  __mspabi_func_epilog_4        
0000e078  __mspabi_func_epilog_3        
0000e07a  __mspabi_func_epilog_2        
0000e07c  __mspabi_func_epilog_1        
0000e080  strlen                        
0000e08e  Timer_A                       
0000e09a  uart0_tx_byte                 
0000e0a6  __TI_ISR_TRAP                 
0000e0ae  C$$EXIT                       
0000e0ae  abort                         
0000e0b4  uart0_rx_byte                 
0000e0ba  _system_pre_init              
0000e0be  _system_post_cinit            
0000e15c  __TI_Handler_Table_Base       
0000e15e  __TI_CINIT_Base               
0000e15e  __TI_Handler_Table_Limit      
0000e162  __TI_CINIT_Limit              
0000e162  __TI_CINIT_Warm               
0000ffe0  __TI_int00                    
0000ffe4  __TI_int02                    
0000ffe6  __TI_int03                    
0000ffea  __TI_int05                    
0000ffec  __TI_int06                    
0000ffee  __TI_int07                    
0000fff0  __TI_int08                    
0000fff2  __TI_int09                    
0000fff4  __TI_int10                    
0000fff6  __TI_int11                    
0000fff8  __TI_int12                    
0000fffa  __TI_int13                    
0000fffc  __TI_int14                    
0000fffe  _reset_vector                 
ffffffff  __TI_pprof_out_hndl           
ffffffff  __TI_prof_data_size           
ffffffff  __TI_prof_data_start          
ffffffff  __c_args__                    

[242 symbols]
