<?xml version="1.0" encoding="ISO-8859-1" ?>
<link_info>
   <banner>MSP430 Linker Unix v21.6.0.LTS</banner>
   <copyright>Copyright (c) 2003-2018 Texas Instruments Incorporated</copyright>
   <link_time>0x62100ed1</link_time>
   <link_errors>0x0</link_errors>
   <output_file>Step3.App.out</output_file>
   <entry_point>
      <name>_c_int00_noargs</name>
      <address>0xe254</address>
   </entry_point>
   <input_file_list>
      <input_file id="fl-1">
         <path>./</path>
         <kind>object</kind>
         <file>flash.obj</file>
         <name>flash.obj</name>
      </input_file>
      <input_file id="fl-2">
         <path>./</path>
         <kind>object</kind>
         <file>main.obj</file>
         <name>main.obj</name>
      </input_file>
      <input_file id="fl-3">
         <path>./</path>
         <kind>object</kind>
         <file>uart.obj</file>
         <name>uart.obj</name>
      </input_file>
      <input_file id="fl-8">
         <kind>object</kind>
         <file>&lt;internal&gt;</file>
         <name>&lt;internal&gt;</name>
      </input_file>
      <input_file id="fl-1e">
         <path>/home/avives/ti/ccs1110/ccs/tools/compiler/ti-cgt-msp430_21.6.0.LTS/lib/</path>
         <kind>archive</kind>
         <file>rts430_eabi.lib</file>
         <name>s_round.c.obj</name>
      </input_file>
      <input_file id="fl-1f">
         <path>/home/avives/ti/ccs1110/ccs/tools/compiler/ti-cgt-msp430_21.6.0.LTS/lib/</path>
         <kind>archive</kind>
         <file>rts430_eabi.lib</file>
         <name>asr16.asm.obj</name>
      </input_file>
      <input_file id="fl-20">
         <path>/home/avives/ti/ccs1110/ccs/tools/compiler/ti-cgt-msp430_21.6.0.LTS/lib/</path>
         <kind>archive</kind>
         <file>rts430_eabi.lib</file>
         <name>div32u.asm.obj</name>
      </input_file>
      <input_file id="fl-21">
         <path>/home/avives/ti/ccs1110/ccs/tools/compiler/ti-cgt-msp430_21.6.0.LTS/lib/</path>
         <kind>archive</kind>
         <file>rts430_eabi.lib</file>
         <name>epilog.asm.obj</name>
      </input_file>
      <input_file id="fl-22">
         <path>/home/avives/ti/ccs1110/ccs/tools/compiler/ti-cgt-msp430_21.6.0.LTS/lib/</path>
         <kind>archive</kind>
         <file>rts430_eabi.lib</file>
         <name>int00.asm.obj</name>
      </input_file>
      <input_file id="fl-23">
         <path>/home/avives/ti/ccs1110/ccs/tools/compiler/ti-cgt-msp430_21.6.0.LTS/lib/</path>
         <kind>archive</kind>
         <file>rts430_eabi.lib</file>
         <name>int02.asm.obj</name>
      </input_file>
      <input_file id="fl-24">
         <path>/home/avives/ti/ccs1110/ccs/tools/compiler/ti-cgt-msp430_21.6.0.LTS/lib/</path>
         <kind>archive</kind>
         <file>rts430_eabi.lib</file>
         <name>int03.asm.obj</name>
      </input_file>
      <input_file id="fl-25">
         <path>/home/avives/ti/ccs1110/ccs/tools/compiler/ti-cgt-msp430_21.6.0.LTS/lib/</path>
         <kind>archive</kind>
         <file>rts430_eabi.lib</file>
         <name>int05.asm.obj</name>
      </input_file>
      <input_file id="fl-26">
         <path>/home/avives/ti/ccs1110/ccs/tools/compiler/ti-cgt-msp430_21.6.0.LTS/lib/</path>
         <kind>archive</kind>
         <file>rts430_eabi.lib</file>
         <name>int06.asm.obj</name>
      </input_file>
      <input_file id="fl-27">
         <path>/home/avives/ti/ccs1110/ccs/tools/compiler/ti-cgt-msp430_21.6.0.LTS/lib/</path>
         <kind>archive</kind>
         <file>rts430_eabi.lib</file>
         <name>int08.asm.obj</name>
      </input_file>
      <input_file id="fl-28">
         <path>/home/avives/ti/ccs1110/ccs/tools/compiler/ti-cgt-msp430_21.6.0.LTS/lib/</path>
         <kind>archive</kind>
         <file>rts430_eabi.lib</file>
         <name>int10.asm.obj</name>
      </input_file>
      <input_file id="fl-29">
         <path>/home/avives/ti/ccs1110/ccs/tools/compiler/ti-cgt-msp430_21.6.0.LTS/lib/</path>
         <kind>archive</kind>
         <file>rts430_eabi.lib</file>
         <name>int11.asm.obj</name>
      </input_file>
      <input_file id="fl-2a">
         <path>/home/avives/ti/ccs1110/ccs/tools/compiler/ti-cgt-msp430_21.6.0.LTS/lib/</path>
         <kind>archive</kind>
         <file>rts430_eabi.lib</file>
         <name>int12.asm.obj</name>
      </input_file>
      <input_file id="fl-2b">
         <path>/home/avives/ti/ccs1110/ccs/tools/compiler/ti-cgt-msp430_21.6.0.LTS/lib/</path>
         <kind>archive</kind>
         <file>rts430_eabi.lib</file>
         <name>int13.asm.obj</name>
      </input_file>
      <input_file id="fl-2c">
         <path>/home/avives/ti/ccs1110/ccs/tools/compiler/ti-cgt-msp430_21.6.0.LTS/lib/</path>
         <kind>archive</kind>
         <file>rts430_eabi.lib</file>
         <name>int14.asm.obj</name>
      </input_file>
      <input_file id="fl-2d">
         <path>/home/avives/ti/ccs1110/ccs/tools/compiler/ti-cgt-msp430_21.6.0.LTS/lib/</path>
         <kind>archive</kind>
         <file>rts430_eabi.lib</file>
         <name>isr_trap.asm.obj</name>
      </input_file>
      <input_file id="fl-2e">
         <path>/home/avives/ti/ccs1110/ccs/tools/compiler/ti-cgt-msp430_21.6.0.LTS/lib/</path>
         <kind>archive</kind>
         <file>rts430_eabi.lib</file>
         <name>lsr16.asm.obj</name>
      </input_file>
      <input_file id="fl-2f">
         <path>/home/avives/ti/ccs1110/ccs/tools/compiler/ti-cgt-msp430_21.6.0.LTS/lib/</path>
         <kind>archive</kind>
         <file>rts430_eabi.lib</file>
         <name>boot.c.obj</name>
      </input_file>
      <input_file id="fl-30">
         <path>/home/avives/ti/ccs1110/ccs/tools/compiler/ti-cgt-msp430_21.6.0.LTS/lib/</path>
         <kind>archive</kind>
         <file>rts430_eabi.lib</file>
         <name>autoinit.c.obj</name>
      </input_file>
      <input_file id="fl-31">
         <path>/home/avives/ti/ccs1110/ccs/tools/compiler/ti-cgt-msp430_21.6.0.LTS/lib/</path>
         <kind>archive</kind>
         <file>rts430_eabi.lib</file>
         <name>copy_zero_init.c.obj</name>
      </input_file>
      <input_file id="fl-32">
         <path>/home/avives/ti/ccs1110/ccs/tools/compiler/ti-cgt-msp430_21.6.0.LTS/lib/</path>
         <kind>archive</kind>
         <file>rts430_eabi.lib</file>
         <name>cpy_tbl.c.obj</name>
      </input_file>
      <input_file id="fl-33">
         <path>/home/avives/ti/ccs1110/ccs/tools/compiler/ti-cgt-msp430_21.6.0.LTS/lib/</path>
         <kind>archive</kind>
         <file>rts430_eabi.lib</file>
         <name>mpu_init.c.obj</name>
      </input_file>
      <input_file id="fl-34">
         <path>/home/avives/ti/ccs1110/ccs/tools/compiler/ti-cgt-msp430_21.6.0.LTS/lib/</path>
         <kind>archive</kind>
         <file>rts430_eabi.lib</file>
         <name>lsr64.c.obj</name>
      </input_file>
      <input_file id="fl-35">
         <path>/home/avives/ti/ccs1110/ccs/tools/compiler/ti-cgt-msp430_21.6.0.LTS/lib/</path>
         <kind>archive</kind>
         <file>rts430_eabi.lib</file>
         <name>pre_init.c.obj</name>
      </input_file>
      <input_file id="fl-36">
         <path>/home/avives/ti/ccs1110/ccs/tools/compiler/ti-cgt-msp430_21.6.0.LTS/lib/</path>
         <kind>archive</kind>
         <file>rts430_eabi.lib</file>
         <name>startup.c.obj</name>
      </input_file>
      <input_file id="fl-37">
         <path>/home/avives/ti/ccs1110/ccs/tools/compiler/ti-cgt-msp430_21.6.0.LTS/lib/</path>
         <kind>archive</kind>
         <file>rts430_eabi.lib</file>
         <name>copy_decompress_none.c.obj</name>
      </input_file>
      <input_file id="fl-38">
         <path>/home/avives/ti/ccs1110/ccs/tools/compiler/ti-cgt-msp430_21.6.0.LTS/lib/</path>
         <kind>archive</kind>
         <file>rts430_eabi.lib</file>
         <name>copy_decompress_lzss.c.obj</name>
      </input_file>
      <input_file id="fl-39">
         <path>/home/avives/ti/ccs1110/ccs/tools/compiler/ti-cgt-msp430_21.6.0.LTS/lib/</path>
         <kind>archive</kind>
         <file>rts430_eabi.lib</file>
         <name>addd.c.obj</name>
      </input_file>
      <input_file id="fl-3a">
         <path>/home/avives/ti/ccs1110/ccs/tools/compiler/ti-cgt-msp430_21.6.0.LTS/lib/</path>
         <kind>archive</kind>
         <file>rts430_eabi.lib</file>
         <name>cmpd.c.obj</name>
      </input_file>
      <input_file id="fl-3b">
         <path>/home/avives/ti/ccs1110/ccs/tools/compiler/ti-cgt-msp430_21.6.0.LTS/lib/</path>
         <kind>archive</kind>
         <file>rts430_eabi.lib</file>
         <name>fixdu.c.obj</name>
      </input_file>
      <input_file id="fl-3c">
         <path>/home/avives/ti/ccs1110/ccs/tools/compiler/ti-cgt-msp430_21.6.0.LTS/lib/</path>
         <kind>archive</kind>
         <file>rts430_eabi.lib</file>
         <name>fixdul.c.obj</name>
      </input_file>
      <input_file id="fl-3d">
         <path>/home/avives/ti/ccs1110/ccs/tools/compiler/ti-cgt-msp430_21.6.0.LTS/lib/</path>
         <kind>archive</kind>
         <file>rts430_eabi.lib</file>
         <name>fltuld.c.obj</name>
      </input_file>
      <input_file id="fl-3e">
         <path>/home/avives/ti/ccs1110/ccs/tools/compiler/ti-cgt-msp430_21.6.0.LTS/lib/</path>
         <kind>archive</kind>
         <file>rts430_eabi.lib</file>
         <name>negd.c.obj</name>
      </input_file>
      <input_file id="fl-3f">
         <path>/home/avives/ti/ccs1110/ccs/tools/compiler/ti-cgt-msp430_21.6.0.LTS/lib/</path>
         <kind>archive</kind>
         <file>rts430_eabi.lib</file>
         <name>subd.c.obj</name>
      </input_file>
      <input_file id="fl-40">
         <path>/home/avives/ti/ccs1110/ccs/tools/compiler/ti-cgt-msp430_21.6.0.LTS/lib/</path>
         <kind>archive</kind>
         <file>rts430_eabi.lib</file>
         <name>exit.c.obj</name>
      </input_file>
      <input_file id="fl-41">
         <path>/home/avives/ti/ccs1110/ccs/tools/compiler/ti-cgt-msp430_21.6.0.LTS/lib/</path>
         <kind>archive</kind>
         <file>rts430_eabi.lib</file>
         <name>_lock.c.obj</name>
      </input_file>
      <input_file id="fl-42">
         <path>/home/avives/ti/ccs1110/ccs/tools/compiler/ti-cgt-msp430_21.6.0.LTS/lib/</path>
         <kind>archive</kind>
         <file>rts430_eabi.lib</file>
         <name>args_main.c.obj</name>
      </input_file>
      <input_file id="fl-43">
         <path>/home/avives/ti/ccs1110/ccs/tools/compiler/ti-cgt-msp430_21.6.0.LTS/lib/</path>
         <kind>archive</kind>
         <file>rts430_eabi.lib</file>
         <name>memcpy.c.obj</name>
      </input_file>
      <input_file id="fl-44">
         <path>/home/avives/ti/ccs1110/ccs/tools/compiler/ti-cgt-msp430_21.6.0.LTS/lib/</path>
         <kind>archive</kind>
         <file>rts430_eabi.lib</file>
         <name>strlen.c.obj</name>
      </input_file>
      <input_file id="fl-45">
         <path>/home/avives/ti/ccs1110/ccs/tools/compiler/ti-cgt-msp430_21.6.0.LTS/lib/</path>
         <kind>archive</kind>
         <file>rts430_eabi.lib</file>
         <name>s_floor.c.obj</name>
      </input_file>
      <input_file id="fl-46">
         <path>/home/avives/ti/ccs1110/ccs/tools/compiler/ti-cgt-msp430_21.6.0.LTS/lib/</path>
         <kind>archive</kind>
         <file>rts430_eabi.lib</file>
         <name>asr32.asm.obj</name>
      </input_file>
      <input_file id="fl-47">
         <path>/home/avives/ti/ccs1110/ccs/tools/compiler/ti-cgt-msp430_21.6.0.LTS/lib/</path>
         <kind>archive</kind>
         <file>rts430_eabi.lib</file>
         <name>lsl16.asm.obj</name>
      </input_file>
      <input_file id="fl-48">
         <path>/home/avives/ti/ccs1110/ccs/tools/compiler/ti-cgt-msp430_21.6.0.LTS/lib/</path>
         <kind>archive</kind>
         <file>rts430_eabi.lib</file>
         <name>lsl32.asm.obj</name>
      </input_file>
      <input_file id="fl-49">
         <path>/home/avives/ti/ccs1110/ccs/tools/compiler/ti-cgt-msp430_21.6.0.LTS/lib/</path>
         <kind>archive</kind>
         <file>rts430_eabi.lib</file>
         <name>lsr32.asm.obj</name>
      </input_file>
      <input_file id="fl-4a">
         <path>/home/avives/ti/ccs1110/ccs/tools/compiler/ti-cgt-msp430_21.6.0.LTS/lib/</path>
         <kind>archive</kind>
         <file>rts430_eabi.lib</file>
         <name>mult16.asm.obj</name>
      </input_file>
      <input_file id="fl-4b">
         <path>/home/avives/ti/ccs1110/ccs/tools/compiler/ti-cgt-msp430_21.6.0.LTS/lib/</path>
         <kind>archive</kind>
         <file>rts430_eabi.lib</file>
         <name>exit_gvars.c.obj</name>
      </input_file>
      <input_file id="fl-4c">
         <path>/home/avives/ti/ccs1110/ccs/tools/compiler/ti-cgt-msp430_21.6.0.LTS/lib/</path>
         <kind>archive</kind>
         <file>rts430_eabi.lib</file>
         <name>asr64.c.obj</name>
      </input_file>
      <input_file id="fl-4d">
         <path>/home/avives/ti/ccs1110/ccs/tools/compiler/ti-cgt-msp430_21.6.0.LTS/lib/</path>
         <kind>archive</kind>
         <file>rts430_eabi.lib</file>
         <name>lsl64.c.obj</name>
      </input_file>
   </input_file_list>
   <object_component_list>
      <object_component id="oc-18d">
         <name>.bss</name>
         <uninitialized>true</uninitialized>
         <run_address>0x212</run_address>
         <size>0x1</size>
         <input_file_ref idref="fl-2"/>
      </object_component>
      <object_component id="oc-143">
         <name>.bss</name>
         <uninitialized>true</uninitialized>
         <run_address>0x210</run_address>
         <size>0x2</size>
         <input_file_ref idref="fl-3"/>
      </object_component>
      <object_component id="oc-1ae">
         <name>.data:hex_array</name>
         <load_address>0x200</load_address>
         <run_address>0x200</run_address>
         <size>0x10</size>
         <input_file_ref idref="fl-2"/>
      </object_component>
      <object_component id="oc-b1">
         <name>.stack</name>
         <uninitialized>true</uninitialized>
         <run_address>0x3b0</run_address>
         <size>0x2</size>
         <input_file_ref idref="fl-2f"/>
      </object_component>
      <object_component id="oc-366">
         <name>.stack</name>
         <uninitialized>true</uninitialized>
         <run_address>0x3b0</run_address>
         <size>0x0</size>
      </object_component>
      <object_component id="oc-27f">
         <name>.text:__mspabi_addd</name>
         <load_address>0xd000</load_address>
         <run_address>0xd000</run_address>
         <size>0x736</size>
         <input_file_ref idref="fl-39"/>
      </object_component>
      <object_component id="oc-297">
         <name>.text:floor</name>
         <load_address>0xd736</load_address>
         <run_address>0xd736</run_address>
         <size>0x1d0</size>
         <input_file_ref idref="fl-45"/>
      </object_component>
      <object_component id="oc-156">
         <name>.text:main</name>
         <load_address>0xd906</load_address>
         <run_address>0xd906</run_address>
         <size>0x19c</size>
         <input_file_ref idref="fl-2"/>
      </object_component>
      <object_component id="oc-21a">
         <name>.text:round</name>
         <load_address>0xdaa2</load_address>
         <run_address>0xdaa2</run_address>
         <size>0x10e</size>
         <input_file_ref idref="fl-1e"/>
      </object_component>
      <object_component id="oc-28b">
         <name>.text:__mspabi_cmpd</name>
         <load_address>0xdbb0</load_address>
         <run_address>0xdbb0</run_address>
         <size>0xdc</size>
         <input_file_ref idref="fl-3a"/>
      </object_component>
      <object_component id="oc-214">
         <name>.text:__mspabi_fltuld</name>
         <load_address>0xdc8c</load_address>
         <run_address>0xdc8c</run_address>
         <size>0x8a</size>
         <input_file_ref idref="fl-3d"/>
      </object_component>
      <object_component id="oc-34">
         <name>.text:decompress:lzss:__TI_decompress_lzss</name>
         <load_address>0xdd16</load_address>
         <run_address>0xdd16</run_address>
         <size>0x7c</size>
         <input_file_ref idref="fl-38"/>
      </object_component>
      <object_component id="oc-29f">
         <name>.text:__mspabi_fixdul</name>
         <load_address>0xdd92</load_address>
         <run_address>0xdd92</run_address>
         <size>0x74</size>
         <input_file_ref idref="fl-3c"/>
      </object_component>
      <object_component id="oc-1a3">
         <name>.text:flash_write_info</name>
         <load_address>0xde06</load_address>
         <run_address>0xde06</run_address>
         <size>0x60</size>
         <input_file_ref idref="fl-1"/>
      </object_component>
      <object_component id="oc-278">
         <name>.text:l_lsr_const</name>
         <load_address>0xde66</load_address>
         <run_address>0xde66</run_address>
         <size>0x5c</size>
         <input_file_ref idref="fl-49"/>
      </object_component>
      <object_component id="oc-20f">
         <name>.text</name>
         <load_address>0xdec2</load_address>
         <run_address>0xdec2</run_address>
         <size>0x58</size>
         <input_file_ref idref="fl-20"/>
      </object_component>
      <object_component id="oc-187">
         <name>.text:uart0_init</name>
         <load_address>0xdf1a</load_address>
         <run_address>0xdf1a</run_address>
         <size>0x58</size>
         <input_file_ref idref="fl-3"/>
      </object_component>
      <object_component id="oc-19d">
         <name>.text:flash_read_info</name>
         <load_address>0xdf72</load_address>
         <run_address>0xdf72</run_address>
         <size>0x50</size>
         <input_file_ref idref="fl-1"/>
      </object_component>
      <object_component id="oc-ba">
         <name>.text</name>
         <load_address>0xdfc2</load_address>
         <run_address>0xdfc2</run_address>
         <size>0x4c</size>
         <input_file_ref idref="fl-2e"/>
      </object_component>
      <object_component id="oc-2dd">
         <name>.text:__mspabi_srall</name>
         <load_address>0xe00e</load_address>
         <run_address>0xe00e</run_address>
         <size>0x4a</size>
         <input_file_ref idref="fl-4c"/>
      </object_component>
      <object_component id="oc-2e3">
         <name>.text:__mspabi_sllll</name>
         <load_address>0xe058</load_address>
         <run_address>0xe058</run_address>
         <size>0x44</size>
         <input_file_ref idref="fl-4d"/>
      </object_component>
      <object_component id="oc-1cf">
         <name>.text:__TI_auto_init_nobinit_nopinit:__TI_auto_init_nobinit_nopinit</name>
         <load_address>0xe09c</load_address>
         <run_address>0xe09c</run_address>
         <size>0x42</size>
         <input_file_ref idref="fl-30"/>
      </object_component>
      <object_component id="oc-273">
         <name>.text:l_lsl_const</name>
         <load_address>0xe0de</load_address>
         <run_address>0xe0de</run_address>
         <size>0x3e</size>
         <input_file_ref idref="fl-48"/>
      </object_component>
      <object_component id="oc-1b7">
         <name>.text:flash_erase_info</name>
         <load_address>0xe11c</load_address>
         <run_address>0xe11c</run_address>
         <size>0x3c</size>
         <input_file_ref idref="fl-1"/>
      </object_component>
      <object_component id="oc-285">
         <name>.text:__mspabi_subd</name>
         <load_address>0xe158</load_address>
         <run_address>0xe158</run_address>
         <size>0x2e</size>
         <input_file_ref idref="fl-3f"/>
      </object_component>
      <object_component id="oc-1a9">
         <name>.text</name>
         <load_address>0xe186</load_address>
         <run_address>0xe186</run_address>
         <size>0x2c</size>
         <input_file_ref idref="fl-1f"/>
      </object_component>
      <object_component id="oc-b5">
         <name>.text</name>
         <load_address>0xe1b2</load_address>
         <run_address>0xe1b2</run_address>
         <size>0x2c</size>
         <input_file_ref idref="fl-47"/>
      </object_component>
      <object_component id="oc-291">
         <name>.text:__mspabi_negd</name>
         <load_address>0xe1de</load_address>
         <run_address>0xe1de</run_address>
         <size>0x2a</size>
         <input_file_ref idref="fl-3e"/>
      </object_component>
      <object_component id="oc-e1">
         <name>.text:USCI0RX_ISR</name>
         <load_address>0xe208</load_address>
         <run_address>0xe208</run_address>
         <size>0x28</size>
         <input_file_ref idref="fl-3"/>
      </object_component>
      <object_component id="oc-191">
         <name>.text:uart0_tx_string</name>
         <load_address>0xe230</load_address>
         <run_address>0xe230</run_address>
         <size>0x24</size>
         <input_file_ref idref="fl-3"/>
      </object_component>
      <object_component id="oc-ff">
         <name>.text:_c_int00_noargs</name>
         <load_address>0xe254</load_address>
         <run_address>0xe254</run_address>
         <size>0x1c</size>
         <input_file_ref idref="fl-2f"/>
      </object_component>
      <object_component id="oc-ed">
         <name>.text:decompress:ZI:__TI_zero_init_nomemset:__TI_zero_init_nomemset</name>
         <load_address>0xe270</load_address>
         <run_address>0xe270</run_address>
         <size>0x14</size>
         <input_file_ref idref="fl-31"/>
      </object_component>
      <object_component id="oc-220">
         <name>.text:__mspabi_fixdu</name>
         <load_address>0xe284</load_address>
         <run_address>0xe284</run_address>
         <size>0x12</size>
         <input_file_ref idref="fl-3b"/>
      </object_component>
      <object_component id="oc-3a">
         <name>.text:decompress:none:__TI_decompress_none</name>
         <load_address>0xe296</load_address>
         <run_address>0xe296</run_address>
         <size>0x12</size>
         <input_file_ref idref="fl-37"/>
      </object_component>
      <object_component id="oc-2f3">
         <name>.text:l_lsr</name>
         <load_address>0xe2a8</load_address>
         <run_address>0xe2a8</run_address>
         <size>0x12</size>
         <input_file_ref idref="fl-49"/>
      </object_component>
      <object_component id="oc-cf">
         <name>.text:memcpy</name>
         <load_address>0xe2ba</load_address>
         <run_address>0xe2ba</run_address>
         <size>0x12</size>
         <input_file_ref idref="fl-43"/>
      </object_component>
      <object_component id="oc-2f8">
         <name>.text:l_asr</name>
         <load_address>0xe2cc</load_address>
         <run_address>0xe2cc</run_address>
         <size>0x10</size>
         <input_file_ref idref="fl-46"/>
      </object_component>
      <object_component id="oc-bf">
         <name>.text</name>
         <load_address>0xe2dc</load_address>
         <run_address>0xe2dc</run_address>
         <size>0x10</size>
         <input_file_ref idref="fl-21"/>
      </object_component>
      <object_component id="oc-22a">
         <name>.text:strlen</name>
         <load_address>0xe2ec</load_address>
         <run_address>0xe2ec</run_address>
         <size>0xe</size>
         <input_file_ref idref="fl-44"/>
      </object_component>
      <object_component id="oc-e7">
         <name>.text:Timer_A</name>
         <load_address>0xe2fa</load_address>
         <run_address>0xe2fa</run_address>
         <size>0xc</size>
         <input_file_ref idref="fl-2"/>
      </object_component>
      <object_component id="oc-1b1">
         <name>.text:uart0_tx_byte</name>
         <load_address>0xe306</load_address>
         <run_address>0xe306</run_address>
         <size>0xc</size>
         <input_file_ref idref="fl-3"/>
      </object_component>
      <object_component id="oc-dc">
         <name>.text:_isr:__TI_ISR_TRAP</name>
         <load_address>0xe312</load_address>
         <run_address>0xe312</run_address>
         <size>0x8</size>
         <input_file_ref idref="fl-2d"/>
      </object_component>
      <object_component id="oc-197">
         <name>.text:flash_init</name>
         <load_address>0xe31a</load_address>
         <run_address>0xe31a</run_address>
         <size>0x8</size>
         <input_file_ref idref="fl-1"/>
      </object_component>
      <object_component id="oc-1c3">
         <name>.text:abort</name>
         <load_address>0xe322</load_address>
         <run_address>0xe322</run_address>
         <size>0x6</size>
         <input_file_ref idref="fl-40"/>
      </object_component>
      <object_component id="oc-181">
         <name>.text:uart0_rx_byte</name>
         <load_address>0xe328</load_address>
         <run_address>0xe328</run_address>
         <size>0x6</size>
         <input_file_ref idref="fl-2"/>
      </object_component>
      <object_component id="oc-150">
         <name>.text:_system_pre_init</name>
         <load_address>0xe32e</load_address>
         <run_address>0xe32e</run_address>
         <size>0x4</size>
         <input_file_ref idref="fl-35"/>
      </object_component>
      <object_component id="oc-251">
         <name>.text:_system_post_cinit</name>
         <load_address>0xe332</load_address>
         <run_address>0xe332</run_address>
         <size>0x2</size>
         <input_file_ref idref="fl-36"/>
      </object_component>
      <object_component id="oc-365">
         <name>.cinit..data.load</name>
         <load_address>0xe44c</load_address>
         <run_address>0xe44c</run_address>
         <size>0x14</size>
      </object_component>
      <object_component id="oc-362">
         <name>__TI_handler_table</name>
         <load_address>0xe460</load_address>
         <run_address>0xe460</run_address>
         <size>0x6</size>
      </object_component>
      <object_component id="oc-364">
         <name>.cinit..bss.load</name>
         <load_address>0xe466</load_address>
         <run_address>0xe466</run_address>
         <size>0x4</size>
      </object_component>
      <object_component id="oc-363">
         <name>__TI_cinit_table</name>
         <load_address>0xe46a</load_address>
         <run_address>0xe46a</run_address>
         <size>0x8</size>
      </object_component>
      <object_component id="oc-190">
         <name>.const:.string</name>
         <load_address>0xe334</load_address>
         <run_address>0xe334</run_address>
         <size>0x118</size>
         <input_file_ref idref="fl-2"/>
      </object_component>
      <object_component id="oc-324">
         <name>.binit</name>
         <load_address>0xd000</load_address>
         <run_address>0xd000</run_address>
         <size>0x0</size>
      </object_component>
      <object_component id="oc-40">
         <name>.int00</name>
         <load_address>0xffe0</load_address>
         <run_address>0xffe0</run_address>
         <size>0x2</size>
         <input_file_ref idref="fl-22"/>
      </object_component>
      <object_component id="oc-41">
         <name>.int02</name>
         <load_address>0xffe4</load_address>
         <run_address>0xffe4</run_address>
         <size>0x2</size>
         <input_file_ref idref="fl-23"/>
      </object_component>
      <object_component id="oc-42">
         <name>.int03</name>
         <load_address>0xffe6</load_address>
         <run_address>0xffe6</run_address>
         <size>0x2</size>
         <input_file_ref idref="fl-24"/>
      </object_component>
      <object_component id="oc-43">
         <name>.int05</name>
         <load_address>0xffea</load_address>
         <run_address>0xffea</run_address>
         <size>0x2</size>
         <input_file_ref idref="fl-25"/>
      </object_component>
      <object_component id="oc-44">
         <name>.int06</name>
         <load_address>0xffec</load_address>
         <run_address>0xffec</run_address>
         <size>0x2</size>
         <input_file_ref idref="fl-26"/>
      </object_component>
      <object_component id="oc-45">
         <name>.int07</name>
         <load_address>0xffee</load_address>
         <run_address>0xffee</run_address>
         <size>0x2</size>
         <input_file_ref idref="fl-3"/>
      </object_component>
      <object_component id="oc-46">
         <name>.int08</name>
         <load_address>0xfff0</load_address>
         <run_address>0xfff0</run_address>
         <size>0x2</size>
         <input_file_ref idref="fl-27"/>
      </object_component>
      <object_component id="oc-47">
         <name>.int09</name>
         <load_address>0xfff2</load_address>
         <run_address>0xfff2</run_address>
         <size>0x2</size>
         <input_file_ref idref="fl-2"/>
      </object_component>
      <object_component id="oc-48">
         <name>.int10</name>
         <load_address>0xfff4</load_address>
         <run_address>0xfff4</run_address>
         <size>0x2</size>
         <input_file_ref idref="fl-28"/>
      </object_component>
      <object_component id="oc-49">
         <name>.int11</name>
         <load_address>0xfff6</load_address>
         <run_address>0xfff6</run_address>
         <size>0x2</size>
         <input_file_ref idref="fl-29"/>
      </object_component>
      <object_component id="oc-4a">
         <name>.int12</name>
         <load_address>0xfff8</load_address>
         <run_address>0xfff8</run_address>
         <size>0x2</size>
         <input_file_ref idref="fl-2a"/>
      </object_component>
      <object_component id="oc-4b">
         <name>.int13</name>
         <load_address>0xfffa</load_address>
         <run_address>0xfffa</run_address>
         <size>0x2</size>
         <input_file_ref idref="fl-2b"/>
      </object_component>
      <object_component id="oc-4c">
         <name>.int14</name>
         <load_address>0xfffc</load_address>
         <run_address>0xfffc</run_address>
         <size>0x2</size>
         <input_file_ref idref="fl-2c"/>
      </object_component>
      <object_component id="oc-b4">
         <name>.reset</name>
         <load_address>0xfffe</load_address>
         <run_address>0xfffe</run_address>
         <size>0x2</size>
         <input_file_ref idref="fl-2f"/>
      </object_component>
      <object_component id="oc-233">
         <name>.debug_info</name>
         <load_address>0x0</load_address>
         <run_address>0x0</run_address>
         <size>0x197</size>
         <input_file_ref idref="fl-1"/>
      </object_component>
      <object_component id="oc-1a4">
         <name>.debug_info</name>
         <load_address>0x197</load_address>
         <run_address>0x197</run_address>
         <size>0x18b</size>
         <input_file_ref idref="fl-1"/>
      </object_component>
      <object_component id="oc-19e">
         <name>.debug_info</name>
         <load_address>0x322</load_address>
         <run_address>0x322</run_address>
         <size>0x189</size>
         <input_file_ref idref="fl-1"/>
      </object_component>
      <object_component id="oc-198">
         <name>.debug_info</name>
         <load_address>0x4ab</load_address>
         <run_address>0x4ab</run_address>
         <size>0x114</size>
         <input_file_ref idref="fl-1"/>
      </object_component>
      <object_component id="oc-1b8">
         <name>.debug_info</name>
         <load_address>0x5bf</load_address>
         <run_address>0x5bf</run_address>
         <size>0x15e</size>
         <input_file_ref idref="fl-1"/>
      </object_component>
      <object_component id="oc-204">
         <name>.debug_info</name>
         <load_address>0x71d</load_address>
         <run_address>0x71d</run_address>
         <size>0x26b</size>
         <input_file_ref idref="fl-1"/>
      </object_component>
      <object_component id="oc-ca">
         <name>.debug_info</name>
         <load_address>0x988</load_address>
         <run_address>0x988</run_address>
         <size>0x84</size>
         <input_file_ref idref="fl-1"/>
      </object_component>
      <object_component id="oc-23a">
         <name>.debug_info</name>
         <load_address>0xa0c</load_address>
         <run_address>0xa0c</run_address>
         <size>0x282</size>
         <input_file_ref idref="fl-1"/>
      </object_component>
      <object_component id="oc-1be">
         <name>.debug_info</name>
         <load_address>0xc8e</load_address>
         <run_address>0xc8e</run_address>
         <size>0xbb</size>
         <input_file_ref idref="fl-1"/>
      </object_component>
      <object_component id="oc-229">
         <name>.debug_info</name>
         <load_address>0xd49</load_address>
         <run_address>0xd49</run_address>
         <size>0x41a</size>
         <input_file_ref idref="fl-2"/>
      </object_component>
      <object_component id="oc-1af">
         <name>.debug_info</name>
         <load_address>0x1163</load_address>
         <run_address>0x1163</run_address>
         <size>0xe4</size>
         <input_file_ref idref="fl-2"/>
      </object_component>
      <object_component id="oc-18e">
         <name>.debug_info</name>
         <load_address>0x1247</load_address>
         <run_address>0x1247</run_address>
         <size>0xe0</size>
         <input_file_ref idref="fl-2"/>
      </object_component>
      <object_component id="oc-182">
         <name>.debug_info</name>
         <load_address>0x1327</load_address>
         <run_address>0x1327</run_address>
         <size>0x131</size>
         <input_file_ref idref="fl-2"/>
      </object_component>
      <object_component id="oc-157">
         <name>.debug_info</name>
         <load_address>0x1458</load_address>
         <run_address>0x1458</run_address>
         <size>0x379</size>
         <input_file_ref idref="fl-2"/>
      </object_component>
      <object_component id="oc-e8">
         <name>.debug_info</name>
         <load_address>0x17d1</load_address>
         <run_address>0x17d1</run_address>
         <size>0x10c</size>
         <input_file_ref idref="fl-2"/>
      </object_component>
      <object_component id="oc-17d">
         <name>.debug_info</name>
         <load_address>0x18dd</load_address>
         <run_address>0x18dd</run_address>
         <size>0x2fa</size>
         <input_file_ref idref="fl-3"/>
      </object_component>
      <object_component id="oc-144">
         <name>.debug_info</name>
         <load_address>0x1bd7</load_address>
         <run_address>0x1bd7</run_address>
         <size>0xe2</size>
         <input_file_ref idref="fl-3"/>
      </object_component>
      <object_component id="oc-1b2">
         <name>.debug_info</name>
         <load_address>0x1cb9</load_address>
         <run_address>0x1cb9</run_address>
         <size>0x139</size>
         <input_file_ref idref="fl-3"/>
      </object_component>
      <object_component id="oc-192">
         <name>.debug_info</name>
         <load_address>0x1df2</load_address>
         <run_address>0x1df2</run_address>
         <size>0x171</size>
         <input_file_ref idref="fl-3"/>
      </object_component>
      <object_component id="oc-188">
         <name>.debug_info</name>
         <load_address>0x1f63</load_address>
         <run_address>0x1f63</run_address>
         <size>0x1b8</size>
         <input_file_ref idref="fl-3"/>
      </object_component>
      <object_component id="oc-e2">
         <name>.debug_info</name>
         <load_address>0x211b</load_address>
         <run_address>0x211b</run_address>
         <size>0x11b</size>
         <input_file_ref idref="fl-3"/>
      </object_component>
      <object_component id="oc-136">
         <name>.debug_info</name>
         <load_address>0x2236</load_address>
         <run_address>0x2236</run_address>
         <size>0x2c</size>
         <input_file_ref idref="fl-3"/>
      </object_component>
      <object_component id="oc-209">
         <name>.debug_info</name>
         <load_address>0x2262</load_address>
         <run_address>0x2262</run_address>
         <size>0x35</size>
         <input_file_ref idref="fl-3"/>
      </object_component>
      <object_component id="oc-29e">
         <name>.debug_info</name>
         <load_address>0x2297</load_address>
         <run_address>0x2297</run_address>
         <size>0x188</size>
         <input_file_ref idref="fl-1e"/>
      </object_component>
      <object_component id="oc-21b">
         <name>.debug_info</name>
         <load_address>0x241f</load_address>
         <run_address>0x241f</run_address>
         <size>0x255</size>
         <input_file_ref idref="fl-1e"/>
      </object_component>
      <object_component id="oc-1aa">
         <name>.debug_info</name>
         <load_address>0x2674</load_address>
         <run_address>0x2674</run_address>
         <size>0x120</size>
         <input_file_ref idref="fl-1f"/>
      </object_component>
      <object_component id="oc-212">
         <name>.debug_info</name>
         <load_address>0x2794</load_address>
         <run_address>0x2794</run_address>
         <size>0x123</size>
         <input_file_ref idref="fl-20"/>
      </object_component>
      <object_component id="oc-c1">
         <name>.debug_info</name>
         <load_address>0x28b7</load_address>
         <run_address>0x28b7</run_address>
         <size>0x12e</size>
         <input_file_ref idref="fl-21"/>
      </object_component>
      <object_component id="oc-dd">
         <name>.debug_info</name>
         <load_address>0x29e5</load_address>
         <run_address>0x29e5</run_address>
         <size>0x10f</size>
         <input_file_ref idref="fl-2d"/>
      </object_component>
      <object_component id="oc-bb">
         <name>.debug_info</name>
         <load_address>0x2af4</load_address>
         <run_address>0x2af4</run_address>
         <size>0x120</size>
         <input_file_ref idref="fl-2e"/>
      </object_component>
      <object_component id="oc-b2">
         <name>.debug_info</name>
         <load_address>0x2c14</load_address>
         <run_address>0x2c14</run_address>
         <size>0x100</size>
         <input_file_ref idref="fl-2f"/>
      </object_component>
      <object_component id="oc-100">
         <name>.debug_info</name>
         <load_address>0x2d14</load_address>
         <run_address>0x2d14</run_address>
         <size>0x17a</size>
         <input_file_ref idref="fl-2f"/>
      </object_component>
      <object_component id="oc-258">
         <name>.debug_info</name>
         <load_address>0x2e8e</load_address>
         <run_address>0x2e8e</run_address>
         <size>0x3de</size>
         <input_file_ref idref="fl-30"/>
      </object_component>
      <object_component id="oc-1d0">
         <name>.debug_info</name>
         <load_address>0x326c</load_address>
         <run_address>0x326c</run_address>
         <size>0x1e0</size>
         <input_file_ref idref="fl-30"/>
      </object_component>
      <object_component id="oc-2c3">
         <name>.debug_info</name>
         <load_address>0x344c</load_address>
         <run_address>0x344c</run_address>
         <size>0x39</size>
         <input_file_ref idref="fl-30"/>
      </object_component>
      <object_component id="oc-2d4">
         <name>.debug_info</name>
         <load_address>0x3485</load_address>
         <run_address>0x3485</run_address>
         <size>0x2c</size>
         <input_file_ref idref="fl-30"/>
      </object_component>
      <object_component id="oc-263">
         <name>.debug_info</name>
         <load_address>0x34b1</load_address>
         <run_address>0x34b1</run_address>
         <size>0x2c</size>
         <input_file_ref idref="fl-30"/>
      </object_component>
      <object_component id="oc-2c8">
         <name>.debug_info</name>
         <load_address>0x34dd</load_address>
         <run_address>0x34dd</run_address>
         <size>0xcd</size>
         <input_file_ref idref="fl-30"/>
      </object_component>
      <object_component id="oc-14e">
         <name>.debug_info</name>
         <load_address>0x35aa</load_address>
         <run_address>0x35aa</run_address>
         <size>0x175</size>
         <input_file_ref idref="fl-31"/>
      </object_component>
      <object_component id="oc-ee">
         <name>.debug_info</name>
         <load_address>0x371f</load_address>
         <run_address>0x371f</run_address>
         <size>0x1d2</size>
         <input_file_ref idref="fl-31"/>
      </object_component>
      <object_component id="oc-149">
         <name>.debug_info</name>
         <load_address>0x38f1</load_address>
         <run_address>0x38f1</run_address>
         <size>0x46</size>
         <input_file_ref idref="fl-31"/>
      </object_component>
      <object_component id="oc-151">
         <name>.debug_info</name>
         <load_address>0x3937</load_address>
         <run_address>0x3937</run_address>
         <size>0x153</size>
         <input_file_ref idref="fl-35"/>
      </object_component>
      <object_component id="oc-252">
         <name>.debug_info</name>
         <load_address>0x3a8a</load_address>
         <run_address>0x3a8a</run_address>
         <size>0x150</size>
         <input_file_ref idref="fl-36"/>
      </object_component>
      <object_component id="oc-db">
         <name>.debug_info</name>
         <load_address>0x3bda</load_address>
         <run_address>0x3bda</run_address>
         <size>0x180</size>
         <input_file_ref idref="fl-37"/>
      </object_component>
      <object_component id="oc-3b">
         <name>.debug_info</name>
         <load_address>0x3d5a</load_address>
         <run_address>0x3d5a</run_address>
         <size>0x1ea</size>
         <input_file_ref idref="fl-37"/>
      </object_component>
      <object_component id="oc-d6">
         <name>.debug_info</name>
         <load_address>0x3f44</load_address>
         <run_address>0x3f44</run_address>
         <size>0x46</size>
         <input_file_ref idref="fl-37"/>
      </object_component>
      <object_component id="oc-13b">
         <name>.debug_info</name>
         <load_address>0x3f8a</load_address>
         <run_address>0x3f8a</run_address>
         <size>0x2c</size>
         <input_file_ref idref="fl-37"/>
      </object_component>
      <object_component id="oc-133">
         <name>.debug_info</name>
         <load_address>0x3fb6</load_address>
         <run_address>0x3fb6</run_address>
         <size>0x176</size>
         <input_file_ref idref="fl-38"/>
      </object_component>
      <object_component id="oc-35">
         <name>.debug_info</name>
         <load_address>0x412c</load_address>
         <run_address>0x412c</run_address>
         <size>0x292</size>
         <input_file_ref idref="fl-38"/>
      </object_component>
      <object_component id="oc-c5">
         <name>.debug_info</name>
         <load_address>0x43be</load_address>
         <run_address>0x43be</run_address>
         <size>0x60</size>
         <input_file_ref idref="fl-38"/>
      </object_component>
      <object_component id="oc-172">
         <name>.debug_info</name>
         <load_address>0x441e</load_address>
         <run_address>0x441e</run_address>
         <size>0x46</size>
         <input_file_ref idref="fl-38"/>
      </object_component>
      <object_component id="oc-12e">
         <name>.debug_info</name>
         <load_address>0x4464</load_address>
         <run_address>0x4464</run_address>
         <size>0x39</size>
         <input_file_ref idref="fl-38"/>
      </object_component>
      <object_component id="oc-2ea">
         <name>.debug_info</name>
         <load_address>0x449d</load_address>
         <run_address>0x449d</run_address>
         <size>0x164</size>
         <input_file_ref idref="fl-39"/>
      </object_component>
      <object_component id="oc-280">
         <name>.debug_info</name>
         <load_address>0x4601</load_address>
         <run_address>0x4601</run_address>
         <size>0x35e</size>
         <input_file_ref idref="fl-39"/>
      </object_component>
      <object_component id="oc-28e">
         <name>.debug_info</name>
         <load_address>0x495f</load_address>
         <run_address>0x495f</run_address>
         <size>0x1af</size>
         <input_file_ref idref="fl-3a"/>
      </object_component>
      <object_component id="oc-2ed">
         <name>.debug_info</name>
         <load_address>0x4b0e</load_address>
         <run_address>0x4b0e</run_address>
         <size>0x94</size>
         <input_file_ref idref="fl-3a"/>
      </object_component>
      <object_component id="oc-222">
         <name>.debug_info</name>
         <load_address>0x4ba2</load_address>
         <run_address>0x4ba2</run_address>
         <size>0x16b</size>
         <input_file_ref idref="fl-3b"/>
      </object_component>
      <object_component id="oc-2a2">
         <name>.debug_info</name>
         <load_address>0x4d0d</load_address>
         <run_address>0x4d0d</run_address>
         <size>0x1c0</size>
         <input_file_ref idref="fl-3c"/>
      </object_component>
      <object_component id="oc-27e">
         <name>.debug_info</name>
         <load_address>0x4ecd</load_address>
         <run_address>0x4ecd</run_address>
         <size>0x16b</size>
         <input_file_ref idref="fl-3d"/>
      </object_component>
      <object_component id="oc-216">
         <name>.debug_info</name>
         <load_address>0x5038</load_address>
         <run_address>0x5038</run_address>
         <size>0x1e3</size>
         <input_file_ref idref="fl-3d"/>
      </object_component>
      <object_component id="oc-293">
         <name>.debug_info</name>
         <load_address>0x521b</load_address>
         <run_address>0x521b</run_address>
         <size>0x158</size>
         <input_file_ref idref="fl-3e"/>
      </object_component>
      <object_component id="oc-288">
         <name>.debug_info</name>
         <load_address>0x5373</load_address>
         <run_address>0x5373</run_address>
         <size>0x18d</size>
         <input_file_ref idref="fl-3f"/>
      </object_component>
      <object_component id="oc-1c7">
         <name>.debug_info</name>
         <load_address>0x5500</load_address>
         <run_address>0x5500</run_address>
         <size>0x122</size>
         <input_file_ref idref="fl-40"/>
      </object_component>
      <object_component id="oc-135">
         <name>.debug_info</name>
         <load_address>0x5622</load_address>
         <run_address>0x5622</run_address>
         <size>0x181</size>
         <input_file_ref idref="fl-43"/>
      </object_component>
      <object_component id="oc-d0">
         <name>.debug_info</name>
         <load_address>0x57a3</load_address>
         <run_address>0x57a3</run_address>
         <size>0x17a</size>
         <input_file_ref idref="fl-43"/>
      </object_component>
      <object_component id="oc-2a9">
         <name>.debug_info</name>
         <load_address>0x591d</load_address>
         <run_address>0x591d</run_address>
         <size>0x162</size>
         <input_file_ref idref="fl-44"/>
      </object_component>
      <object_component id="oc-22b">
         <name>.debug_info</name>
         <load_address>0x5a7f</load_address>
         <run_address>0x5a7f</run_address>
         <size>0x230</size>
         <input_file_ref idref="fl-44"/>
      </object_component>
      <object_component id="oc-303">
         <name>.debug_info</name>
         <load_address>0x5caf</load_address>
         <run_address>0x5caf</run_address>
         <size>0x167</size>
         <input_file_ref idref="fl-45"/>
      </object_component>
      <object_component id="oc-298">
         <name>.debug_info</name>
         <load_address>0x5e16</load_address>
         <run_address>0x5e16</run_address>
         <size>0x265</size>
         <input_file_ref idref="fl-45"/>
      </object_component>
      <object_component id="oc-31c">
         <name>.debug_info</name>
         <load_address>0x607b</load_address>
         <run_address>0x607b</run_address>
         <size>0x46</size>
         <input_file_ref idref="fl-45"/>
      </object_component>
      <object_component id="oc-2fe">
         <name>.debug_info</name>
         <load_address>0x60c1</load_address>
         <run_address>0x60c1</run_address>
         <size>0x39</size>
         <input_file_ref idref="fl-45"/>
      </object_component>
      <object_component id="oc-2fb">
         <name>.debug_info</name>
         <load_address>0x60fa</load_address>
         <run_address>0x60fa</run_address>
         <size>0x120</size>
         <input_file_ref idref="fl-46"/>
      </object_component>
      <object_component id="oc-b8">
         <name>.debug_info</name>
         <load_address>0x621a</load_address>
         <run_address>0x621a</run_address>
         <size>0x120</size>
         <input_file_ref idref="fl-47"/>
      </object_component>
      <object_component id="oc-275">
         <name>.debug_info</name>
         <load_address>0x633a</load_address>
         <run_address>0x633a</run_address>
         <size>0x126</size>
         <input_file_ref idref="fl-48"/>
      </object_component>
      <object_component id="oc-2f4">
         <name>.debug_info</name>
         <load_address>0x6460</load_address>
         <run_address>0x6460</run_address>
         <size>0x120</size>
         <input_file_ref idref="fl-49"/>
      </object_component>
      <object_component id="oc-279">
         <name>.debug_info</name>
         <load_address>0x6580</load_address>
         <run_address>0x6580</run_address>
         <size>0x126</size>
         <input_file_ref idref="fl-49"/>
      </object_component>
      <object_component id="oc-2de">
         <name>.debug_info</name>
         <load_address>0x66a6</load_address>
         <run_address>0x66a6</run_address>
         <size>0x193</size>
         <input_file_ref idref="fl-4c"/>
      </object_component>
      <object_component id="oc-2e4">
         <name>.debug_info</name>
         <load_address>0x6839</load_address>
         <run_address>0x6839</run_address>
         <size>0x193</size>
         <input_file_ref idref="fl-4d"/>
      </object_component>
      <object_component id="oc-367">
         <name>.debug_info</name>
         <load_address>0x69cc</load_address>
         <run_address>0x69cc</run_address>
         <size>0xb2</size>
      </object_component>
      <object_component id="oc-2ab">
         <name>.debug_line</name>
         <load_address>0x0</load_address>
         <run_address>0x0</run_address>
         <size>0x65</size>
         <input_file_ref idref="fl-1"/>
      </object_component>
      <object_component id="oc-1a7">
         <name>.debug_line</name>
         <load_address>0x65</load_address>
         <run_address>0x65</run_address>
         <size>0x61</size>
         <input_file_ref idref="fl-1"/>
      </object_component>
      <object_component id="oc-1a1">
         <name>.debug_line</name>
         <load_address>0xc6</load_address>
         <run_address>0xc6</run_address>
         <size>0x5d</size>
         <input_file_ref idref="fl-1"/>
      </object_component>
      <object_component id="oc-19b">
         <name>.debug_line</name>
         <load_address>0x123</load_address>
         <run_address>0x123</run_address>
         <size>0x41</size>
         <input_file_ref idref="fl-1"/>
      </object_component>
      <object_component id="oc-1bb">
         <name>.debug_line</name>
         <load_address>0x164</load_address>
         <run_address>0x164</run_address>
         <size>0x50</size>
         <input_file_ref idref="fl-1"/>
      </object_component>
      <object_component id="oc-207">
         <name>.debug_line</name>
         <load_address>0x1b4</load_address>
         <run_address>0x1b4</run_address>
         <size>0x7c</size>
         <input_file_ref idref="fl-1"/>
      </object_component>
      <object_component id="oc-cd">
         <name>.debug_line</name>
         <load_address>0x230</load_address>
         <run_address>0x230</run_address>
         <size>0x20</size>
         <input_file_ref idref="fl-1"/>
      </object_component>
      <object_component id="oc-23d">
         <name>.debug_line</name>
         <load_address>0x250</load_address>
         <run_address>0x250</run_address>
         <size>0x80</size>
         <input_file_ref idref="fl-1"/>
      </object_component>
      <object_component id="oc-1c1">
         <name>.debug_line</name>
         <load_address>0x2d0</load_address>
         <run_address>0x2d0</run_address>
         <size>0x7d</size>
         <input_file_ref idref="fl-1"/>
      </object_component>
      <object_component id="oc-2a7">
         <name>.debug_line</name>
         <load_address>0x34d</load_address>
         <run_address>0x34d</run_address>
         <size>0xf2</size>
         <input_file_ref idref="fl-2"/>
      </object_component>
      <object_component id="oc-237">
         <name>.debug_line</name>
         <load_address>0x43f</load_address>
         <run_address>0x43f</run_address>
         <size>0x2d</size>
         <input_file_ref idref="fl-2"/>
      </object_component>
      <object_component id="oc-228">
         <name>.debug_line</name>
         <load_address>0x46c</load_address>
         <run_address>0x46c</run_address>
         <size>0x2d</size>
         <input_file_ref idref="fl-2"/>
      </object_component>
      <object_component id="oc-185">
         <name>.debug_line</name>
         <load_address>0x499</load_address>
         <run_address>0x499</run_address>
         <size>0x40</size>
         <input_file_ref idref="fl-2"/>
      </object_component>
      <object_component id="oc-15a">
         <name>.debug_line</name>
         <load_address>0x4d9</load_address>
         <run_address>0x4d9</run_address>
         <size>0x97</size>
         <input_file_ref idref="fl-2"/>
      </object_component>
      <object_component id="oc-eb">
         <name>.debug_line</name>
         <load_address>0x570</load_address>
         <run_address>0x570</run_address>
         <size>0x44</size>
         <input_file_ref idref="fl-2"/>
      </object_component>
      <object_component id="oc-203">
         <name>.debug_line</name>
         <load_address>0x5b4</load_address>
         <run_address>0x5b4</run_address>
         <size>0x113</size>
         <input_file_ref idref="fl-3"/>
      </object_component>
      <object_component id="oc-17c">
         <name>.debug_line</name>
         <load_address>0x6c7</load_address>
         <run_address>0x6c7</run_address>
         <size>0x2d</size>
         <input_file_ref idref="fl-3"/>
      </object_component>
      <object_component id="oc-1b5">
         <name>.debug_line</name>
         <load_address>0x6f4</load_address>
         <run_address>0x6f4</run_address>
         <size>0x46</size>
         <input_file_ref idref="fl-3"/>
      </object_component>
      <object_component id="oc-195">
         <name>.debug_line</name>
         <load_address>0x73a</load_address>
         <run_address>0x73a</run_address>
         <size>0x4c</size>
         <input_file_ref idref="fl-3"/>
      </object_component>
      <object_component id="oc-18b">
         <name>.debug_line</name>
         <load_address>0x786</load_address>
         <run_address>0x786</run_address>
         <size>0x55</size>
         <input_file_ref idref="fl-3"/>
      </object_component>
      <object_component id="oc-e5">
         <name>.debug_line</name>
         <load_address>0x7db</load_address>
         <run_address>0x7db</run_address>
         <size>0x45</size>
         <input_file_ref idref="fl-3"/>
      </object_component>
      <object_component id="oc-139">
         <name>.debug_line</name>
         <load_address>0x820</load_address>
         <run_address>0x820</run_address>
         <size>0x78</size>
         <input_file_ref idref="fl-3"/>
      </object_component>
      <object_component id="oc-20c">
         <name>.debug_line</name>
         <load_address>0x898</load_address>
         <run_address>0x898</run_address>
         <size>0x81</size>
         <input_file_ref idref="fl-3"/>
      </object_component>
      <object_component id="oc-305">
         <name>.debug_line</name>
         <load_address>0x919</load_address>
         <run_address>0x919</run_address>
         <size>0x2a</size>
         <input_file_ref idref="fl-1e"/>
      </object_component>
      <object_component id="oc-21e">
         <name>.debug_line</name>
         <load_address>0x943</load_address>
         <run_address>0x943</run_address>
         <size>0x50</size>
         <input_file_ref idref="fl-1e"/>
      </object_component>
      <object_component id="oc-1ad">
         <name>.debug_line</name>
         <load_address>0x993</load_address>
         <run_address>0x993</run_address>
         <size>0x4e</size>
         <input_file_ref idref="fl-1f"/>
      </object_component>
      <object_component id="oc-211">
         <name>.debug_line</name>
         <load_address>0x9e1</load_address>
         <run_address>0x9e1</run_address>
         <size>0x64</size>
         <input_file_ref idref="fl-20"/>
      </object_component>
      <object_component id="oc-c3">
         <name>.debug_line</name>
         <load_address>0xa45</load_address>
         <run_address>0xa45</run_address>
         <size>0x40</size>
         <input_file_ref idref="fl-21"/>
      </object_component>
      <object_component id="oc-e0">
         <name>.debug_line</name>
         <load_address>0xa85</load_address>
         <run_address>0xa85</run_address>
         <size>0x3d</size>
         <input_file_ref idref="fl-2d"/>
      </object_component>
      <object_component id="oc-be">
         <name>.debug_line</name>
         <load_address>0xac2</load_address>
         <run_address>0xac2</run_address>
         <size>0x5e</size>
         <input_file_ref idref="fl-2e"/>
      </object_component>
      <object_component id="oc-12a">
         <name>.debug_line</name>
         <load_address>0xb20</load_address>
         <run_address>0xb20</run_address>
         <size>0x2a</size>
         <input_file_ref idref="fl-2f"/>
      </object_component>
      <object_component id="oc-103">
         <name>.debug_line</name>
         <load_address>0xb4a</load_address>
         <run_address>0xb4a</run_address>
         <size>0x46</size>
         <input_file_ref idref="fl-2f"/>
      </object_component>
      <object_component id="oc-2c2">
         <name>.debug_line</name>
         <load_address>0xb90</load_address>
         <run_address>0xb90</run_address>
         <size>0xbf</size>
         <input_file_ref idref="fl-30"/>
      </object_component>
      <object_component id="oc-1d3">
         <name>.debug_line</name>
         <load_address>0xc4f</load_address>
         <run_address>0xc4f</run_address>
         <size>0x76</size>
         <input_file_ref idref="fl-30"/>
      </object_component>
      <object_component id="oc-2c6">
         <name>.debug_line</name>
         <load_address>0xcc5</load_address>
         <run_address>0xcc5</run_address>
         <size>0x2e</size>
         <input_file_ref idref="fl-30"/>
      </object_component>
      <object_component id="oc-2d7">
         <name>.debug_line</name>
         <load_address>0xcf3</load_address>
         <run_address>0xcf3</run_address>
         <size>0x9a</size>
         <input_file_ref idref="fl-30"/>
      </object_component>
      <object_component id="oc-266">
         <name>.debug_line</name>
         <load_address>0xd8d</load_address>
         <run_address>0xd8d</run_address>
         <size>0x97</size>
         <input_file_ref idref="fl-30"/>
      </object_component>
      <object_component id="oc-2cb">
         <name>.debug_line</name>
         <load_address>0xe24</load_address>
         <run_address>0xe24</run_address>
         <size>0x93</size>
         <input_file_ref idref="fl-30"/>
      </object_component>
      <object_component id="oc-17f">
         <name>.debug_line</name>
         <load_address>0xeb7</load_address>
         <run_address>0xeb7</run_address>
         <size>0x20</size>
         <input_file_ref idref="fl-31"/>
      </object_component>
      <object_component id="oc-f1">
         <name>.debug_line</name>
         <load_address>0xed7</load_address>
         <run_address>0xed7</run_address>
         <size>0x4f</size>
         <input_file_ref idref="fl-31"/>
      </object_component>
      <object_component id="oc-14c">
         <name>.debug_line</name>
         <load_address>0xf26</load_address>
         <run_address>0xf26</run_address>
         <size>0x34</size>
         <input_file_ref idref="fl-31"/>
      </object_component>
      <object_component id="oc-154">
         <name>.debug_line</name>
         <load_address>0xf5a</load_address>
         <run_address>0xf5a</run_address>
         <size>0x3e</size>
         <input_file_ref idref="fl-35"/>
      </object_component>
      <object_component id="oc-255">
         <name>.debug_line</name>
         <load_address>0xf98</load_address>
         <run_address>0xf98</run_address>
         <size>0x3a</size>
         <input_file_ref idref="fl-36"/>
      </object_component>
      <object_component id="oc-141">
         <name>.debug_line</name>
         <load_address>0xfd2</load_address>
         <run_address>0xfd2</run_address>
         <size>0x20</size>
         <input_file_ref idref="fl-37"/>
      </object_component>
      <object_component id="oc-3e">
         <name>.debug_line</name>
         <load_address>0xff2</load_address>
         <run_address>0xff2</run_address>
         <size>0x50</size>
         <input_file_ref idref="fl-37"/>
      </object_component>
      <object_component id="oc-d9">
         <name>.debug_line</name>
         <load_address>0x1042</load_address>
         <run_address>0x1042</run_address>
         <size>0x3a</size>
         <input_file_ref idref="fl-37"/>
      </object_component>
      <object_component id="oc-13e">
         <name>.debug_line</name>
         <load_address>0x107c</load_address>
         <run_address>0x107c</run_address>
         <size>0x92</size>
         <input_file_ref idref="fl-37"/>
      </object_component>
      <object_component id="oc-178">
         <name>.debug_line</name>
         <load_address>0x110e</load_address>
         <run_address>0x110e</run_address>
         <size>0x20</size>
         <input_file_ref idref="fl-38"/>
      </object_component>
      <object_component id="oc-38">
         <name>.debug_line</name>
         <load_address>0x112e</load_address>
         <run_address>0x112e</run_address>
         <size>0x92</size>
         <input_file_ref idref="fl-38"/>
      </object_component>
      <object_component id="oc-c8">
         <name>.debug_line</name>
         <load_address>0x11c0</load_address>
         <run_address>0x11c0</run_address>
         <size>0x3a</size>
         <input_file_ref idref="fl-38"/>
      </object_component>
      <object_component id="oc-175">
         <name>.debug_line</name>
         <load_address>0x11fa</load_address>
         <run_address>0x11fa</run_address>
         <size>0x9a</size>
         <input_file_ref idref="fl-38"/>
      </object_component>
      <object_component id="oc-131">
         <name>.debug_line</name>
         <load_address>0x1294</load_address>
         <run_address>0x1294</run_address>
         <size>0x96</size>
         <input_file_ref idref="fl-38"/>
      </object_component>
      <object_component id="oc-319">
         <name>.debug_line</name>
         <load_address>0x132a</load_address>
         <run_address>0x132a</run_address>
         <size>0x20</size>
         <input_file_ref idref="fl-39"/>
      </object_component>
      <object_component id="oc-283">
         <name>.debug_line</name>
         <load_address>0x134a</load_address>
         <run_address>0x134a</run_address>
         <size>0x17f</size>
         <input_file_ref idref="fl-39"/>
      </object_component>
      <object_component id="oc-290">
         <name>.debug_line</name>
         <load_address>0x14c9</load_address>
         <run_address>0x14c9</run_address>
         <size>0x75</size>
         <input_file_ref idref="fl-3a"/>
      </object_component>
      <object_component id="oc-2f0">
         <name>.debug_line</name>
         <load_address>0x153e</load_address>
         <run_address>0x153e</run_address>
         <size>0x2e</size>
         <input_file_ref idref="fl-3a"/>
      </object_component>
      <object_component id="oc-225">
         <name>.debug_line</name>
         <load_address>0x156c</load_address>
         <run_address>0x156c</run_address>
         <size>0x3d</size>
         <input_file_ref idref="fl-3b"/>
      </object_component>
      <object_component id="oc-2a1">
         <name>.debug_line</name>
         <load_address>0x15a9</load_address>
         <run_address>0x15a9</run_address>
         <size>0x5a</size>
         <input_file_ref idref="fl-3c"/>
      </object_component>
      <object_component id="oc-2dc">
         <name>.debug_line</name>
         <load_address>0x1603</load_address>
         <run_address>0x1603</run_address>
         <size>0x20</size>
         <input_file_ref idref="fl-3d"/>
      </object_component>
      <object_component id="oc-219">
         <name>.debug_line</name>
         <load_address>0x1623</load_address>
         <run_address>0x1623</run_address>
         <size>0x71</size>
         <input_file_ref idref="fl-3d"/>
      </object_component>
      <object_component id="oc-296">
         <name>.debug_line</name>
         <load_address>0x1694</load_address>
         <run_address>0x1694</run_address>
         <size>0x49</size>
         <input_file_ref idref="fl-3e"/>
      </object_component>
      <object_component id="oc-286">
         <name>.debug_line</name>
         <load_address>0x16dd</load_address>
         <run_address>0x16dd</run_address>
         <size>0x4b</size>
         <input_file_ref idref="fl-3f"/>
      </object_component>
      <object_component id="oc-1c5">
         <name>.debug_line</name>
         <load_address>0x1728</load_address>
         <run_address>0x1728</run_address>
         <size>0x3d</size>
         <input_file_ref idref="fl-40"/>
      </object_component>
      <object_component id="oc-17a">
         <name>.debug_line</name>
         <load_address>0x1765</load_address>
         <run_address>0x1765</run_address>
         <size>0x20</size>
         <input_file_ref idref="fl-43"/>
      </object_component>
      <object_component id="oc-d3">
         <name>.debug_line</name>
         <load_address>0x1785</load_address>
         <run_address>0x1785</run_address>
         <size>0x42</size>
         <input_file_ref idref="fl-43"/>
      </object_component>
      <object_component id="oc-308">
         <name>.debug_line</name>
         <load_address>0x17c7</load_address>
         <run_address>0x17c7</run_address>
         <size>0x20</size>
         <input_file_ref idref="fl-44"/>
      </object_component>
      <object_component id="oc-22e">
         <name>.debug_line</name>
         <load_address>0x17e7</load_address>
         <run_address>0x17e7</run_address>
         <size>0xac</size>
         <input_file_ref idref="fl-44"/>
      </object_component>
      <object_component id="oc-322">
         <name>.debug_line</name>
         <load_address>0x1893</load_address>
         <run_address>0x1893</run_address>
         <size>0x20</size>
         <input_file_ref idref="fl-45"/>
      </object_component>
      <object_component id="oc-29b">
         <name>.debug_line</name>
         <load_address>0x18b3</load_address>
         <run_address>0x18b3</run_address>
         <size>0xae</size>
         <input_file_ref idref="fl-45"/>
      </object_component>
      <object_component id="oc-31f">
         <name>.debug_line</name>
         <load_address>0x1961</load_address>
         <run_address>0x1961</run_address>
         <size>0x9a</size>
         <input_file_ref idref="fl-45"/>
      </object_component>
      <object_component id="oc-301">
         <name>.debug_line</name>
         <load_address>0x19fb</load_address>
         <run_address>0x19fb</run_address>
         <size>0x97</size>
         <input_file_ref idref="fl-45"/>
      </object_component>
      <object_component id="oc-2f9">
         <name>.debug_line</name>
         <load_address>0x1a92</load_address>
         <run_address>0x1a92</run_address>
         <size>0x3e</size>
         <input_file_ref idref="fl-46"/>
      </object_component>
      <object_component id="oc-b6">
         <name>.debug_line</name>
         <load_address>0x1ad0</load_address>
         <run_address>0x1ad0</run_address>
         <size>0x4e</size>
         <input_file_ref idref="fl-47"/>
      </object_component>
      <object_component id="oc-277">
         <name>.debug_line</name>
         <load_address>0x1b1e</load_address>
         <run_address>0x1b1e</run_address>
         <size>0x56</size>
         <input_file_ref idref="fl-48"/>
      </object_component>
      <object_component id="oc-2f7">
         <name>.debug_line</name>
         <load_address>0x1b74</load_address>
         <run_address>0x1b74</run_address>
         <size>0x42</size>
         <input_file_ref idref="fl-49"/>
      </object_component>
      <object_component id="oc-27c">
         <name>.debug_line</name>
         <load_address>0x1bb6</load_address>
         <run_address>0x1bb6</run_address>
         <size>0x65</size>
         <input_file_ref idref="fl-49"/>
      </object_component>
      <object_component id="oc-2e1">
         <name>.debug_line</name>
         <load_address>0x1c1b</load_address>
         <run_address>0x1c1b</run_address>
         <size>0x53</size>
         <input_file_ref idref="fl-4c"/>
      </object_component>
      <object_component id="oc-2e7">
         <name>.debug_line</name>
         <load_address>0x1c6e</load_address>
         <run_address>0x1c6e</run_address>
         <size>0x53</size>
         <input_file_ref idref="fl-4d"/>
      </object_component>
      <object_component id="oc-1a8">
         <name>.debug_frame</name>
         <load_address>0x0</load_address>
         <run_address>0x0</run_address>
         <size>0x3c</size>
         <input_file_ref idref="fl-1"/>
      </object_component>
      <object_component id="oc-1a2">
         <name>.debug_frame</name>
         <load_address>0x3c</load_address>
         <run_address>0x3c</run_address>
         <size>0x3c</size>
         <input_file_ref idref="fl-1"/>
      </object_component>
      <object_component id="oc-19c">
         <name>.debug_frame</name>
         <load_address>0x78</load_address>
         <run_address>0x78</run_address>
         <size>0x3c</size>
         <input_file_ref idref="fl-1"/>
      </object_component>
      <object_component id="oc-1bc">
         <name>.debug_frame</name>
         <load_address>0xb4</load_address>
         <run_address>0xb4</run_address>
         <size>0x3c</size>
         <input_file_ref idref="fl-1"/>
      </object_component>
      <object_component id="oc-186">
         <name>.debug_frame</name>
         <load_address>0xf0</load_address>
         <run_address>0xf0</run_address>
         <size>0x3c</size>
         <input_file_ref idref="fl-2"/>
      </object_component>
      <object_component id="oc-15b">
         <name>.debug_frame</name>
         <load_address>0x12c</load_address>
         <run_address>0x12c</run_address>
         <size>0x44</size>
         <input_file_ref idref="fl-2"/>
      </object_component>
      <object_component id="oc-ec">
         <name>.debug_frame</name>
         <load_address>0x170</load_address>
         <run_address>0x170</run_address>
         <size>0x3c</size>
         <input_file_ref idref="fl-2"/>
      </object_component>
      <object_component id="oc-1b6">
         <name>.debug_frame</name>
         <load_address>0x1ac</load_address>
         <run_address>0x1ac</run_address>
         <size>0x3c</size>
         <input_file_ref idref="fl-3"/>
      </object_component>
      <object_component id="oc-196">
         <name>.debug_frame</name>
         <load_address>0x1e8</load_address>
         <run_address>0x1e8</run_address>
         <size>0x44</size>
         <input_file_ref idref="fl-3"/>
      </object_component>
      <object_component id="oc-18c">
         <name>.debug_frame</name>
         <load_address>0x22c</load_address>
         <run_address>0x22c</run_address>
         <size>0x3c</size>
         <input_file_ref idref="fl-3"/>
      </object_component>
      <object_component id="oc-e6">
         <name>.debug_frame</name>
         <load_address>0x268</load_address>
         <run_address>0x268</run_address>
         <size>0x64</size>
         <input_file_ref idref="fl-3"/>
      </object_component>
      <object_component id="oc-21f">
         <name>.debug_frame</name>
         <load_address>0x2cc</load_address>
         <run_address>0x2cc</run_address>
         <size>0x8c</size>
         <input_file_ref idref="fl-1e"/>
      </object_component>
      <object_component id="oc-104">
         <name>.debug_frame</name>
         <load_address>0x358</load_address>
         <run_address>0x358</run_address>
         <size>0x34</size>
         <input_file_ref idref="fl-2f"/>
      </object_component>
      <object_component id="oc-1d4">
         <name>.debug_frame</name>
         <load_address>0x38c</load_address>
         <run_address>0x38c</run_address>
         <size>0x44</size>
         <input_file_ref idref="fl-30"/>
      </object_component>
      <object_component id="oc-f2">
         <name>.debug_frame</name>
         <load_address>0x3d0</load_address>
         <run_address>0x3d0</run_address>
         <size>0x3c</size>
         <input_file_ref idref="fl-31"/>
      </object_component>
      <object_component id="oc-155">
         <name>.debug_frame</name>
         <load_address>0x40c</load_address>
         <run_address>0x40c</run_address>
         <size>0x3c</size>
         <input_file_ref idref="fl-35"/>
      </object_component>
      <object_component id="oc-256">
         <name>.debug_frame</name>
         <load_address>0x448</load_address>
         <run_address>0x448</run_address>
         <size>0x3c</size>
         <input_file_ref idref="fl-36"/>
      </object_component>
      <object_component id="oc-3f">
         <name>.debug_frame</name>
         <load_address>0x484</load_address>
         <run_address>0x484</run_address>
         <size>0x3c</size>
         <input_file_ref idref="fl-37"/>
      </object_component>
      <object_component id="oc-39">
         <name>.debug_frame</name>
         <load_address>0x4c0</load_address>
         <run_address>0x4c0</run_address>
         <size>0x48</size>
         <input_file_ref idref="fl-38"/>
      </object_component>
      <object_component id="oc-284">
         <name>.debug_frame</name>
         <load_address>0x508</load_address>
         <run_address>0x508</run_address>
         <size>0x7c</size>
         <input_file_ref idref="fl-39"/>
      </object_component>
      <object_component id="oc-28d">
         <name>.debug_frame</name>
         <load_address>0x584</load_address>
         <run_address>0x584</run_address>
         <size>0x4c</size>
         <input_file_ref idref="fl-3a"/>
      </object_component>
      <object_component id="oc-221">
         <name>.debug_frame</name>
         <load_address>0x5d0</load_address>
         <run_address>0x5d0</run_address>
         <size>0x3c</size>
         <input_file_ref idref="fl-3b"/>
      </object_component>
      <object_component id="oc-2a4">
         <name>.debug_frame</name>
         <load_address>0x60c</load_address>
         <run_address>0x60c</run_address>
         <size>0x44</size>
         <input_file_ref idref="fl-3c"/>
      </object_component>
      <object_component id="oc-215">
         <name>.debug_frame</name>
         <load_address>0x650</load_address>
         <run_address>0x650</run_address>
         <size>0x44</size>
         <input_file_ref idref="fl-3d"/>
      </object_component>
      <object_component id="oc-292">
         <name>.debug_frame</name>
         <load_address>0x694</load_address>
         <run_address>0x694</run_address>
         <size>0x40</size>
         <input_file_ref idref="fl-3e"/>
      </object_component>
      <object_component id="oc-287">
         <name>.debug_frame</name>
         <load_address>0x6d4</load_address>
         <run_address>0x6d4</run_address>
         <size>0x40</size>
         <input_file_ref idref="fl-3f"/>
      </object_component>
      <object_component id="oc-1c4">
         <name>.debug_frame</name>
         <load_address>0x714</load_address>
         <run_address>0x714</run_address>
         <size>0x3c</size>
         <input_file_ref idref="fl-40"/>
      </object_component>
      <object_component id="oc-d4">
         <name>.debug_frame</name>
         <load_address>0x750</load_address>
         <run_address>0x750</run_address>
         <size>0x3c</size>
         <input_file_ref idref="fl-43"/>
      </object_component>
      <object_component id="oc-22f">
         <name>.debug_frame</name>
         <load_address>0x78c</load_address>
         <run_address>0x78c</run_address>
         <size>0x3c</size>
         <input_file_ref idref="fl-44"/>
      </object_component>
      <object_component id="oc-29c">
         <name>.debug_frame</name>
         <load_address>0x7c8</load_address>
         <run_address>0x7c8</run_address>
         <size>0x78</size>
         <input_file_ref idref="fl-45"/>
      </object_component>
      <object_component id="oc-2e2">
         <name>.debug_frame</name>
         <load_address>0x840</load_address>
         <run_address>0x840</run_address>
         <size>0x44</size>
         <input_file_ref idref="fl-4c"/>
      </object_component>
      <object_component id="oc-2e8">
         <name>.debug_frame</name>
         <load_address>0x884</load_address>
         <run_address>0x884</run_address>
         <size>0x44</size>
         <input_file_ref idref="fl-4d"/>
      </object_component>
      <object_component id="oc-2aa">
         <name>.debug_abbrev</name>
         <load_address>0x0</load_address>
         <run_address>0x0</run_address>
         <size>0x44</size>
         <input_file_ref idref="fl-1"/>
      </object_component>
      <object_component id="oc-234">
         <name>.debug_abbrev</name>
         <load_address>0x44</load_address>
         <run_address>0x44</run_address>
         <size>0x6e</size>
         <input_file_ref idref="fl-1"/>
      </object_component>
      <object_component id="oc-232">
         <name>.debug_abbrev</name>
         <load_address>0xb2</load_address>
         <run_address>0xb2</run_address>
         <size>0x6e</size>
         <input_file_ref idref="fl-1"/>
      </object_component>
      <object_component id="oc-231">
         <name>.debug_abbrev</name>
         <load_address>0x120</load_address>
         <run_address>0x120</run_address>
         <size>0x50</size>
         <input_file_ref idref="fl-1"/>
      </object_component>
      <object_component id="oc-239">
         <name>.debug_abbrev</name>
         <load_address>0x170</load_address>
         <run_address>0x170</run_address>
         <size>0x6e</size>
         <input_file_ref idref="fl-1"/>
      </object_component>
      <object_component id="oc-206">
         <name>.debug_abbrev</name>
         <load_address>0x1de</load_address>
         <run_address>0x1de</run_address>
         <size>0x69</size>
         <input_file_ref idref="fl-1"/>
      </object_component>
      <object_component id="oc-cc">
         <name>.debug_abbrev</name>
         <load_address>0x247</load_address>
         <run_address>0x247</run_address>
         <size>0x1f</size>
         <input_file_ref idref="fl-1"/>
      </object_component>
      <object_component id="oc-23c">
         <name>.debug_abbrev</name>
         <load_address>0x266</load_address>
         <run_address>0x266</run_address>
         <size>0x35</size>
         <input_file_ref idref="fl-1"/>
      </object_component>
      <object_component id="oc-1c0">
         <name>.debug_abbrev</name>
         <load_address>0x29b</load_address>
         <run_address>0x29b</run_address>
         <size>0x24</size>
         <input_file_ref idref="fl-1"/>
      </object_component>
      <object_component id="oc-2a6">
         <name>.debug_abbrev</name>
         <load_address>0x2bf</load_address>
[...]
      </symbol>
      <symbol id="sm-178">
         <name>__mspabi_srai</name>
         <value>0xe186</value>
         <object_component_ref idref="oc-1a9"/>
      </symbol>
      <symbol id="sm-179">
         <name>__mspabi_srai_8</name>
         <value>0xe1a0</value>
         <object_component_ref idref="oc-1a9"/>
      </symbol>
      <symbol id="sm-17a">
         <name>__mspabi_srai_9</name>
         <value>0xe19e</value>
         <object_component_ref idref="oc-1a9"/>
      </symbol>
      <symbol id="sm-17b">
         <name>__mspabi_srai_6</name>
         <value>0xe1a4</value>
         <object_component_ref idref="oc-1a9"/>
      </symbol>
      <symbol id="sm-17c">
         <name>__mspabi_srai_7</name>
         <value>0xe1a2</value>
         <object_component_ref idref="oc-1a9"/>
      </symbol>
      <symbol id="sm-17d">
         <name>__mspabi_srai_4</name>
         <value>0xe1a8</value>
         <object_component_ref idref="oc-1a9"/>
      </symbol>
      <symbol id="sm-17e">
         <name>__mspabi_srai_5</name>
         <value>0xe1a6</value>
         <object_component_ref idref="oc-1a9"/>
      </symbol>
      <symbol id="sm-17f">
         <name>__mspabi_srai_2</name>
         <value>0xe1ac</value>
         <object_component_ref idref="oc-1a9"/>
      </symbol>
      <symbol id="sm-180">
         <name>__mspabi_srai_3</name>
         <value>0xe1aa</value>
         <object_component_ref idref="oc-1a9"/>
      </symbol>
      <symbol id="sm-181">
         <name>__mspabi_srai_1</name>
         <value>0xe1ae</value>
         <object_component_ref idref="oc-1a9"/>
      </symbol>
      <symbol id="sm-182">
         <name>__mspabi_srai_15</name>
         <value>0xe192</value>
         <object_component_ref idref="oc-1a9"/>
      </symbol>
      <symbol id="sm-183">
         <name>__mspabi_srai_14</name>
         <value>0xe194</value>
         <object_component_ref idref="oc-1a9"/>
      </symbol>
      <symbol id="sm-184">
         <name>__mspabi_srai_13</name>
         <value>0xe196</value>
         <object_component_ref idref="oc-1a9"/>
      </symbol>
      <symbol id="sm-185">
         <name>__mspabi_srai_12</name>
         <value>0xe198</value>
         <object_component_ref idref="oc-1a9"/>
      </symbol>
      <symbol id="sm-186">
         <name>__mspabi_srai_11</name>
         <value>0xe19a</value>
         <object_component_ref idref="oc-1a9"/>
      </symbol>
      <symbol id="sm-187">
         <name>__mspabi_srai_10</name>
         <value>0xe19c</value>
         <object_component_ref idref="oc-1a9"/>
      </symbol>
      <symbol id="sm-195">
         <name>__mspabi_remul</name>
         <value>0xdec2</value>
         <object_component_ref idref="oc-20f"/>
      </symbol>
      <symbol id="sm-196">
         <name>__mspabi_divul</name>
         <value>0xdec2</value>
         <object_component_ref idref="oc-20f"/>
      </symbol>
      <symbol id="sm-19f">
         <name>__mspabi_func_epilog_2</name>
         <value>0xe2e6</value>
         <object_component_ref idref="oc-bf"/>
      </symbol>
      <symbol id="sm-1a0">
         <name>__mspabi_func_epilog_3</name>
         <value>0xe2e4</value>
         <object_component_ref idref="oc-bf"/>
      </symbol>
      <symbol id="sm-1a1">
         <name>__mspabi_func_epilog_1</name>
         <value>0xe2e8</value>
         <object_component_ref idref="oc-bf"/>
      </symbol>
      <symbol id="sm-1a2">
         <name>__mspabi_func_epilog_6</name>
         <value>0xe2de</value>
         <object_component_ref idref="oc-bf"/>
      </symbol>
      <symbol id="sm-1a3">
         <name>__mspabi_func_epilog_7</name>
         <value>0xe2dc</value>
         <object_component_ref idref="oc-bf"/>
      </symbol>
      <symbol id="sm-1a4">
         <name>__mspabi_func_epilog_4</name>
         <value>0xe2e2</value>
         <object_component_ref idref="oc-bf"/>
      </symbol>
      <symbol id="sm-1a5">
         <name>__mspabi_func_epilog_5</name>
         <value>0xe2e0</value>
         <object_component_ref idref="oc-bf"/>
      </symbol>
      <symbol id="sm-1a8">
         <name>__TI_int00</name>
         <value>0xffe0</value>
         <object_component_ref idref="oc-40"/>
      </symbol>
      <symbol id="sm-1ab">
         <name>__TI_int02</name>
         <value>0xffe4</value>
         <object_component_ref idref="oc-41"/>
      </symbol>
      <symbol id="sm-1ae">
         <name>__TI_int03</name>
         <value>0xffe6</value>
         <object_component_ref idref="oc-42"/>
      </symbol>
      <symbol id="sm-1b1">
         <name>__TI_int05</name>
         <value>0xffea</value>
         <object_component_ref idref="oc-43"/>
      </symbol>
      <symbol id="sm-1b4">
         <name>__TI_int06</name>
         <value>0xffec</value>
         <object_component_ref idref="oc-44"/>
      </symbol>
      <symbol id="sm-1b7">
         <name>__TI_int08</name>
         <value>0xfff0</value>
         <object_component_ref idref="oc-46"/>
      </symbol>
      <symbol id="sm-1ba">
         <name>__TI_int10</name>
         <value>0xfff4</value>
         <object_component_ref idref="oc-48"/>
      </symbol>
      <symbol id="sm-1bd">
         <name>__TI_int11</name>
         <value>0xfff6</value>
         <object_component_ref idref="oc-49"/>
      </symbol>
      <symbol id="sm-1c0">
         <name>__TI_int12</name>
         <value>0xfff8</value>
         <object_component_ref idref="oc-4a"/>
      </symbol>
      <symbol id="sm-1c3">
         <name>__TI_int13</name>
         <value>0xfffa</value>
         <object_component_ref idref="oc-4b"/>
      </symbol>
      <symbol id="sm-1c6">
         <name>__TI_int14</name>
         <value>0xfffc</value>
         <object_component_ref idref="oc-4c"/>
      </symbol>
      <symbol id="sm-1ce">
         <name>__TI_ISR_TRAP</name>
         <value>0xe312</value>
         <object_component_ref idref="oc-dc"/>
      </symbol>
      <symbol id="sm-1d6">
         <name>__mspabi_srli_8</name>
         <value>0xdfec</value>
         <object_component_ref idref="oc-ba"/>
      </symbol>
      <symbol id="sm-1d7">
         <name>__mspabi_srli_9</name>
         <value>0xdfe8</value>
         <object_component_ref idref="oc-ba"/>
      </symbol>
      <symbol id="sm-1d8">
         <name>__mspabi_srli_6</name>
         <value>0xdff4</value>
         <object_component_ref idref="oc-ba"/>
      </symbol>
      <symbol id="sm-1d9">
         <name>__mspabi_srli_7</name>
         <value>0xdff0</value>
         <object_component_ref idref="oc-ba"/>
      </symbol>
      <symbol id="sm-1da">
         <name>__mspabi_srli_4</name>
         <value>0xdffc</value>
         <object_component_ref idref="oc-ba"/>
      </symbol>
      <symbol id="sm-1db">
         <name>__mspabi_srli_5</name>
         <value>0xdff8</value>
         <object_component_ref idref="oc-ba"/>
      </symbol>
      <symbol id="sm-1dc">
         <name>__mspabi_srli_2</name>
         <value>0xe004</value>
         <object_component_ref idref="oc-ba"/>
      </symbol>
      <symbol id="sm-1dd">
         <name>__mspabi_srli_3</name>
         <value>0xe000</value>
         <object_component_ref idref="oc-ba"/>
      </symbol>
      <symbol id="sm-1de">
         <name>__mspabi_srli_1</name>
         <value>0xe008</value>
         <object_component_ref idref="oc-ba"/>
      </symbol>
      <symbol id="sm-1df">
         <name>__mspabi_srli</name>
         <value>0xdfc2</value>
         <object_component_ref idref="oc-ba"/>
      </symbol>
      <symbol id="sm-1e0">
         <name>__mspabi_srli_15</name>
         <value>0xdfd0</value>
         <object_component_ref idref="oc-ba"/>
      </symbol>
      <symbol id="sm-1e1">
         <name>__mspabi_srli_14</name>
         <value>0xdfd4</value>
         <object_component_ref idref="oc-ba"/>
      </symbol>
      <symbol id="sm-1e2">
         <name>__mspabi_srli_13</name>
         <value>0xdfd8</value>
         <object_component_ref idref="oc-ba"/>
      </symbol>
      <symbol id="sm-1e3">
         <name>__mspabi_srli_12</name>
         <value>0xdfdc</value>
         <object_component_ref idref="oc-ba"/>
      </symbol>
      <symbol id="sm-1e4">
         <name>__mspabi_srli_11</name>
         <value>0xdfe0</value>
         <object_component_ref idref="oc-ba"/>
      </symbol>
      <symbol id="sm-1e5">
         <name>__mspabi_srli_10</name>
         <value>0xdfe4</value>
         <object_component_ref idref="oc-ba"/>
      </symbol>
      <symbol id="sm-1f5">
         <name>_stack</name>
         <value>0x3b0</value>
         <object_component_ref idref="oc-b1"/>
      </symbol>
      <symbol id="sm-1f6">
         <name>_c_int00_noargs</name>
         <value>0xe254</value>
         <object_component_ref idref="oc-ff"/>
      </symbol>
      <symbol id="sm-1f7">
         <name>_reset_vector</name>
         <value>0xfffe</value>
         <object_component_ref idref="oc-b4"/>
      </symbol>
      <symbol id="sm-219">
         <name>__TI_auto_init_nobinit_nopinit</name>
         <value>0xe09c</value>
         <object_component_ref idref="oc-1cf"/>
      </symbol>
      <symbol id="sm-22c">
         <name>__TI_zero_init_nomemset</name>
         <value>0xe270</value>
         <object_component_ref idref="oc-ed"/>
      </symbol>
      <symbol id="sm-238">
         <name>_system_pre_init</name>
         <value>0xe32e</value>
         <object_component_ref idref="oc-150"/>
      </symbol>
      <symbol id="sm-241">
         <name>_system_post_cinit</name>
         <value>0xe332</value>
         <object_component_ref idref="oc-251"/>
      </symbol>
      <symbol id="sm-257">
         <name>__TI_decompress_none</name>
         <value>0xe296</value>
         <object_component_ref idref="oc-3a"/>
      </symbol>
      <symbol id="sm-27a">
         <name>__TI_decompress_lzss</name>
         <value>0xdd16</value>
         <object_component_ref idref="oc-34"/>
      </symbol>
      <symbol id="sm-2b4">
         <name>__mspabi_addd</name>
         <value>0xd000</value>
         <object_component_ref idref="oc-27f"/>
      </symbol>
      <symbol id="sm-2d3">
         <name>__mspabi_cmpd</name>
         <value>0xdbb0</value>
         <object_component_ref idref="oc-28b"/>
      </symbol>
      <symbol id="sm-2de">
         <name>__mspabi_fixdu</name>
         <value>0xe284</value>
         <object_component_ref idref="oc-220"/>
      </symbol>
      <symbol id="sm-2ee">
         <name>__mspabi_fixdul</name>
         <value>0xdd92</value>
         <object_component_ref idref="oc-29f"/>
      </symbol>
      <symbol id="sm-303">
         <name>__mspabi_fltuld</name>
         <value>0xdc8c</value>
         <object_component_ref idref="oc-214"/>
      </symbol>
      <symbol id="sm-30c">
         <name>__mspabi_negd</name>
         <value>0xe1de</value>
         <object_component_ref idref="oc-291"/>
      </symbol>
      <symbol id="sm-315">
         <name>__mspabi_subd</name>
         <value>0xe158</value>
         <object_component_ref idref="oc-285"/>
      </symbol>
      <symbol id="sm-31f">
         <name>C$$EXIT</name>
         <value>0xe322</value>
         <object_component_ref idref="oc-1c3"/>
      </symbol>
      <symbol id="sm-320">
         <name>abort</name>
         <value>0xe322</value>
         <object_component_ref idref="oc-1c3"/>
      </symbol>
      <symbol id="sm-330">
         <name>memcpy</name>
         <value>0xe2ba</value>
         <object_component_ref idref="oc-cf"/>
      </symbol>
      <symbol id="sm-33d">
         <name>strlen</name>
         <value>0xe2ec</value>
         <object_component_ref idref="oc-22a"/>
      </symbol>
      <symbol id="sm-367">
         <name>floorl</name>
         <value>0xd736</value>
         <object_component_ref idref="oc-297"/>
      </symbol>
      <symbol id="sm-368">
         <name>floor</name>
         <value>0xd736</value>
         <object_component_ref idref="oc-297"/>
      </symbol>
      <symbol id="sm-372">
         <name>__mspabi_sral</name>
         <value>0xe2cc</value>
         <object_component_ref idref="oc-2f8"/>
      </symbol>
      <symbol id="sm-37a">
         <name>__mspabi_slli</name>
         <value>0xe1b2</value>
         <object_component_ref idref="oc-b5"/>
      </symbol>
      <symbol id="sm-37b">
         <name>__mspabi_slli_9</name>
         <value>0xe1ca</value>
         <object_component_ref idref="oc-b5"/>
      </symbol>
      <symbol id="sm-37c">
         <name>__mspabi_slli_8</name>
         <value>0xe1cc</value>
         <object_component_ref idref="oc-b5"/>
      </symbol>
      <symbol id="sm-37d">
         <name>__mspabi_slli_7</name>
         <value>0xe1ce</value>
         <object_component_ref idref="oc-b5"/>
      </symbol>
      <symbol id="sm-37e">
         <name>__mspabi_slli_6</name>
         <value>0xe1d0</value>
         <object_component_ref idref="oc-b5"/>
      </symbol>
      <symbol id="sm-37f">
         <name>__mspabi_slli_5</name>
         <value>0xe1d2</value>
         <object_component_ref idref="oc-b5"/>
      </symbol>
      <symbol id="sm-380">
         <name>__mspabi_slli_4</name>
         <value>0xe1d4</value>
         <object_component_ref idref="oc-b5"/>
      </symbol>
      <symbol id="sm-381">
         <name>__mspabi_slli_3</name>
         <value>0xe1d6</value>
         <object_component_ref idref="oc-b5"/>
      </symbol>
      <symbol id="sm-382">
         <name>__mspabi_slli_2</name>
         <value>0xe1d8</value>
         <object_component_ref idref="oc-b5"/>
      </symbol>
      <symbol id="sm-383">
         <name>__mspabi_slli_1</name>
         <value>0xe1da</value>
         <object_component_ref idref="oc-b5"/>
      </symbol>
      <symbol id="sm-384">
         <name>__mspabi_slli_15</name>
         <value>0xe1be</value>
         <object_component_ref idref="oc-b5"/>
      </symbol>
      <symbol id="sm-385">
         <name>__mspabi_slli_14</name>
         <value>0xe1c0</value>
         <object_component_ref idref="oc-b5"/>
      </symbol>
      <symbol id="sm-386">
         <name>__mspabi_slli_13</name>
         <value>0xe1c2</value>
         <object_component_ref idref="oc-b5"/>
      </symbol>
      <symbol id="sm-387">
         <name>__mspabi_slli_12</name>
         <value>0xe1c4</value>
         <object_component_ref idref="oc-b5"/>
      </symbol>
      <symbol id="sm-388">
         <name>__mspabi_slli_11</name>
         <value>0xe1c6</value>
         <object_component_ref idref="oc-b5"/>
      </symbol>
      <symbol id="sm-389">
         <name>__mspabi_slli_10</name>
         <value>0xe1c8</value>
         <object_component_ref idref="oc-b5"/>
      </symbol>
      <symbol id="sm-391">
         <name>__mspabi_slll_9</name>
         <value>0xe0f6</value>
         <object_component_ref idref="oc-273"/>
      </symbol>
      <symbol id="sm-392">
         <name>__mspabi_slll_8</name>
         <value>0xe0fa</value>
         <object_component_ref idref="oc-273"/>
      </symbol>
      <symbol id="sm-393">
         <name>__mspabi_slll_7</name>
         <value>0xe0fe</value>
         <object_component_ref idref="oc-273"/>
      </symbol>
      <symbol id="sm-394">
         <name>__mspabi_slll_6</name>
         <value>0xe102</value>
         <object_component_ref idref="oc-273"/>
      </symbol>
      <symbol id="sm-395">
         <name>__mspabi_slll_5</name>
         <value>0xe106</value>
         <object_component_ref idref="oc-273"/>
      </symbol>
      <symbol id="sm-396">
         <name>__mspabi_slll_4</name>
         <value>0xe10a</value>
         <object_component_ref idref="oc-273"/>
      </symbol>
      <symbol id="sm-397">
         <name>__mspabi_slll_3</name>
         <value>0xe10e</value>
         <object_component_ref idref="oc-273"/>
      </symbol>
      <symbol id="sm-398">
         <name>__mspabi_slll_2</name>
         <value>0xe112</value>
         <object_component_ref idref="oc-273"/>
      </symbol>
      <symbol id="sm-399">
         <name>__mspabi_slll_1</name>
         <value>0xe116</value>
         <object_component_ref idref="oc-273"/>
      </symbol>
      <symbol id="sm-39a">
         <name>__mspabi_slll_15</name>
         <value>0xe0de</value>
         <object_component_ref idref="oc-273"/>
      </symbol>
      <symbol id="sm-39b">
         <name>__mspabi_slll_14</name>
         <value>0xe0e2</value>
         <object_component_ref idref="oc-273"/>
      </symbol>
      <symbol id="sm-39c">
         <name>__mspabi_slll_13</name>
         <value>0xe0e6</value>
         <object_component_ref idref="oc-273"/>
      </symbol>
      <symbol id="sm-39d">
         <name>__mspabi_slll_12</name>
         <value>0xe0ea</value>
         <object_component_ref idref="oc-273"/>
      </symbol>
      <symbol id="sm-39e">
         <name>__mspabi_slll_11</name>
         <value>0xe0ee</value>
         <object_component_ref idref="oc-273"/>
      </symbol>
      <symbol id="sm-39f">
         <name>__mspabi_slll_10</name>
         <value>0xe0f2</value>
         <object_component_ref idref="oc-273"/>
      </symbol>
      <symbol id="sm-3af">
         <name>__mspabi_srll_8</name>
         <value>0xde90</value>
         <object_component_ref idref="oc-278"/>
      </symbol>
      <symbol id="sm-3b0">
         <name>__mspabi_srll_9</name>
         <value>0xde8a</value>
         <object_component_ref idref="oc-278"/>
      </symbol>
      <symbol id="sm-3b1">
         <name>__mspabi_srll_6</name>
         <value>0xde9c</value>
         <object_component_ref idref="oc-278"/>
      </symbol>
      <symbol id="sm-3b2">
         <name>__mspabi_srll_7</name>
         <value>0xde96</value>
         <object_component_ref idref="oc-278"/>
      </symbol>
      <symbol id="sm-3b3">
         <name>__mspabi_srll_4</name>
         <value>0xdea8</value>
         <object_component_ref idref="oc-278"/>
      </symbol>
      <symbol id="sm-3b4">
         <name>__mspabi_srll_5</name>
         <value>0xdea2</value>
         <object_component_ref idref="oc-278"/>
      </symbol>
      <symbol id="sm-3b5">
         <name>__mspabi_srll_2</name>
         <value>0xdeb4</value>
         <object_component_ref idref="oc-278"/>
      </symbol>
      <symbol id="sm-3b6">
         <name>__mspabi_srll_3</name>
         <value>0xdeae</value>
         <object_component_ref idref="oc-278"/>
      </symbol>
      <symbol id="sm-3b7">
         <name>__mspabi_srll_1</name>
         <value>0xdeba</value>
         <object_component_ref idref="oc-278"/>
      </symbol>
      <symbol id="sm-3b8">
         <name>__mspabi_srll_15</name>
         <value>0xde66</value>
         <object_component_ref idref="oc-278"/>
      </symbol>
      <symbol id="sm-3b9">
         <name>__mspabi_srll_14</name>
         <value>0xde6c</value>
         <object_component_ref idref="oc-278"/>
      </symbol>
      <symbol id="sm-3ba">
         <name>__mspabi_srll_13</name>
         <value>0xde72</value>
         <object_component_ref idref="oc-278"/>
      </symbol>
      <symbol id="sm-3bb">
         <name>__mspabi_srll_12</name>
         <value>0xde78</value>
         <object_component_ref idref="oc-278"/>
      </symbol>
      <symbol id="sm-3bc">
         <name>__mspabi_srll_11</name>
         <value>0xde7e</value>
         <object_component_ref idref="oc-278"/>
      </symbol>
      <symbol id="sm-3bd">
         <name>__mspabi_srll_10</name>
         <value>0xde84</value>
         <object_component_ref idref="oc-278"/>
      </symbol>
      <symbol id="sm-3be">
         <name>__mspabi_srll</name>
         <value>0xe2a8</value>
         <object_component_ref idref="oc-2f3"/>
      </symbol>
      <symbol id="sm-3cd">
         <name>__mspabi_srall</name>
         <value>0xe00e</value>
         <object_component_ref idref="oc-2dd"/>
      </symbol>
      <symbol id="sm-3da">
         <name>__mspabi_sllll</name>
         <value>0xe058</value>
         <object_component_ref idref="oc-2e3"/>
      </symbol>
   </symbol_table>
   <title>Link successful</title>
</link_info>
